INNER JOIN --------------------------------------------------------------------------------------------------------------------------------------------------------------------------------

Microsoft Windows [Versión 10.0.19045.2788]
(c) Microsoft Corporation. Todos los derechos reservados.

C:\Users\Jesus Arellano>"C:\Program Files\MySQL\MySQL Shell 8.0\bin\mysqlsh.exe"
MySQL Shell 8.0.32

Copyright (c) 2016, 2023, Oracle and/or its affiliates.
Oracle is a registered trademark of Oracle Corporation and/or its affiliates.
Other names may be trademarks of their respective owners.

Type '\help' or '\?' for help; '\quit' to exit.
 MySQL  JS > \sql
Switching to SQL mode... Commands end with ;
 MySQL  SQL > \connect
\connect [--mx|--mysqlx|--mc|--mysql] [--ssh <sshuri>] <URI>
 MySQL  SQL > \connect --mc usuario root@localhost
Creating a Classic session to 'root@localhost'
Please provide the password for 'root@localhost': ****
Save password for 'root@localhost'? [Y]es/[N]o/Ne[v]er (default No): n
Fetching global names for auto-completion... Press ^C to stop.
Your MySQL connection id is 8
Server version: 8.0.32 MySQL Community Server - GPL
No default schema selected; type \use <schema> to set one.
 MySQL  localhost:3306 ssl  SQL > show databases;
+--------------------+
| Database           |
+--------------------+
| agencia            |
| comp2              |
| company            |
| eva_2              |
| evaluacion_1       |
| human_resources    |
| information_schema |
| mysql              |
| performance_schema |
| sakila             |
| sys                |
| world              |
+--------------------+
12 rows in set (0.0092 sec)
 MySQL  localhost:3306 ssl  SQL > use eva_2;
Default schema set to `eva_2`.
Fetching global names, object names from `eva_2` for auto-completion... Press ^C to stop.
 MySQL  localhost:3306 ssl  eva_2  SQL > show tables;
+-----------------+
| Tables_in_eva_2 |
+-----------------+
| contacts        |
| customers       |
| detalle         |
| detallefactura  |
| factura         |
| items           |
| maestro         |
| orders          |
| parts           |
| phones          |
| salesreps       |
| tablaa          |
| tablab          |
+-----------------+
13 rows in set (0.0068 sec)
 MySQL  localhost:3306 ssl  eva_2  SQL > \use comp2;
Default schema set to `comp2`.
Fetching global names, object names from `comp2` for auto-completion... Press ^C to stop.
 MySQL  localhost:3306 ssl  comp2  SQL > show tables;
+-----------------+
| Tables_in_comp2 |
+-----------------+
| countries       |
| departments     |
| employees       |
| job_history     |
| jobs            |
| locations       |
| regions         |
+-----------------+
7 rows in set (0.0014 sec)
 MySQL  localhost:3306 ssl  comp2  SQL > desc employees;
+----------------+--------------+------+-----+---------+-------+
| Field          | Type         | Null | Key | Default | Extra |
+----------------+--------------+------+-----+---------+-------+
| EMPLOYEE_ID    | decimal(6,0) | NO   | PRI | 0       |       |
| FIRST_NAME     | varchar(20)  | YES  |     | NULL    |       |
| LAST_NAME      | varchar(25)  | NO   | MUL | NULL    |       |
| EMAIL          | varchar(25)  | NO   | UNI | NULL    |       |
| PHONE_NUMBER   | varchar(20)  | YES  |     | NULL    |       |
| HIRE_DATE      | date         | NO   |     | NULL    |       |
| JOB_ID         | varchar(10)  | NO   | MUL | NULL    |       |
| SALARY         | decimal(8,2) | YES  |     | NULL    |       |
| COMMISSION_PCT | decimal(2,2) | YES  |     | NULL    |       |
| MANAGER_ID     | decimal(6,0) | YES  | MUL | NULL    |       |
| DEPARTMENT_ID  | decimal(4,0) | YES  | MUL | NULL    |       |
+----------------+--------------+------+-----+---------+-------+
11 rows in set (0.0130 sec)
 MySQL  localhost:3306 ssl  comp2  SQL > desc jobs;
+------------+--------------+------+-----+---------+-------+
| Field      | Type         | Null | Key | Default | Extra |
+------------+--------------+------+-----+---------+-------+
| JOB_ID     | varchar(10)  | NO   | PRI |         |       |
| JOB_TITLE  | varchar(35)  | NO   |     | NULL    |       |
| MIN_SALARY | decimal(6,0) | YES  |     | NULL    |       |
| MAX_SALARY | decimal(6,0) | YES  |     | NULL    |       |
+------------+--------------+------+-----+---------+-------+
4 rows in set (0.0019 sec)
 MySQL  localhost:3306 ssl  comp2  SQL > select a.id, a.first_name, a.last_name, b.job_title from employees a inner join jobs b on a.job_id = b.job_id;
ERROR: 1054 (42S22): Unknown column 'a.id' in 'field list'
 MySQL  localhost:3306 ssl  comp2  SQL > select a.employee_id, a.first_name, a.last_name, b.job_title from employees a inner join jobs b on a.job_id = b.job_id;
+-------------+-------------+-------------+---------------------------------+
| employee_id | first_name  | last_name   | job_title                       |
+-------------+-------------+-------------+---------------------------------+
|         206 | William     | Gietz       | Public Accountant               |
|         205 | Shelley     | Higgins     | Accounting Manager              |
|         200 | Jennifer    | Whalen      | Administration Assistant        |
|         100 | Steven      | King        | President                       |
|         101 | Neena       | Kochhar     | Administration Vice President   |
|         102 | Lex         | De Haan     | Administration Vice President   |
|         109 | Daniel      | Faviet      | Accountant                      |
|         110 | John        | Chen        | Accountant                      |
|         111 | Ismael      | Sciarra     | Accountant                      |
|         112 | Jose Manuel | Urman       | Accountant                      |
|         113 | Luis        | Popp        | Accountant                      |
|         108 | Nancy       | Greenberg   | Finance Manager                 |
|         203 | Susan       | Mavris      | Human Resources Representative  |
|         103 | Alexander   | Hunold      | Programmer                      |
|         104 | Bruce       | Ernst       | Programmer                      |
|         105 | David       | Austin      | Programmer                      |
|         106 | Valli       | Pataballa   | Programmer                      |
|         107 | Diana       | Lorentz     | Programmer                      |
|         201 | Michael     | Hartstein   | Marketing Manager               |
|         202 | Pat         | Fay         | Marketing Representative        |
|         204 | Hermann     | Baer        | Public Relations Representative |
|         115 | Alexander   | Khoo        | Purchasing Clerk                |
|         116 | Shelli      | Baida       | Purchasing Clerk                |
|         117 | Sigal       | Tobias      | Purchasing Clerk                |
|         118 | Guy         | Himuro      | Purchasing Clerk                |
|         119 | Karen       | Colmenares  | Purchasing Clerk                |
|         114 | Den         | Raphaely    | Purchasing Manager              |
|         145 | John        | Russell     | Sales Manager                   |
|         146 | Karen       | Partners    | Sales Manager                   |
|         147 | Alberto     | Errazuriz   | Sales Manager                   |
|         148 | Gerald      | Cambrault   | Sales Manager                   |
|         149 | Eleni       | Zlotkey     | Sales Manager                   |
|         150 | Peter       | Tucker      | Sales Representative            |
|         151 | David       | Bernstein   | Sales Representative            |
|         152 | Peter       | Hall        | Sales Representative            |
|         153 | Christopher | Olsen       | Sales Representative            |
|         154 | Nanette     | Cambrault   | Sales Representative            |
|         155 | Oliver      | Tuvault     | Sales Representative            |
|         156 | Janette     | King        | Sales Representative            |
|         157 | Patrick     | Sully       | Sales Representative            |
|         158 | Allan       | McEwen      | Sales Representative            |
|         159 | Lindsey     | Smith       | Sales Representative            |
|         160 | Louise      | Doran       | Sales Representative            |
|         161 | Sarath      | Sewall      | Sales Representative            |
|         162 | Clara       | Vishney     | Sales Representative            |
|         163 | Danielle    | Greene      | Sales Representative            |
|         164 | Mattea      | Marvins     | Sales Representative            |
|         165 | David       | Lee         | Sales Representative            |
|         166 | Sundar      | Ande        | Sales Representative            |
|         167 | Amit        | Banda       | Sales Representative            |
|         168 | Lisa        | Ozer        | Sales Representative            |
|         169 | Harrison    | Bloom       | Sales Representative            |
|         170 | Tayler      | Fox         | Sales Representative            |
|         171 | William     | Smith       | Sales Representative            |
|         172 | Elizabeth   | Bates       | Sales Representative            |
|         173 | Sundita     | Kumar       | Sales Representative            |
|         174 | Ellen       | Abel        | Sales Representative            |
|         175 | Alyssa      | Hutton      | Sales Representative            |
|         176 | Jonathon    | Taylor      | Sales Representative            |
|         177 | Jack        | Livingston  | Sales Representative            |
|         178 | Kimberely   | Grant       | Sales Representative            |
|         179 | Charles     | Johnson     | Sales Representative            |
|         180 | Winston     | Taylor      | Shipping Clerk                  |
|         181 | Jean        | Fleaur      | Shipping Clerk                  |
|         182 | Martha      | Sullivan    | Shipping Clerk                  |
|         183 | Girard      | Geoni       | Shipping Clerk                  |
|         184 | Nandita     | Sarchand    | Shipping Clerk                  |
|         185 | Alexis      | Bull        | Shipping Clerk                  |
|         186 | Julia       | Dellinger   | Shipping Clerk                  |
|         187 | Anthony     | Cabrio      | Shipping Clerk                  |
|         188 | Kelly       | Chung       | Shipping Clerk                  |
|         189 | Jennifer    | Dilly       | Shipping Clerk                  |
|         190 | Timothy     | Gates       | Shipping Clerk                  |
|         191 | Randall     | Perkins     | Shipping Clerk                  |
|         192 | Sarah       | Bell        | Shipping Clerk                  |
|         193 | Britney     | Everett     | Shipping Clerk                  |
|         194 | Samuel      | McCain      | Shipping Clerk                  |
|         195 | Vance       | Jones       | Shipping Clerk                  |
|         196 | Alana       | Walsh       | Shipping Clerk                  |
|         197 | Kevin       | Feeney      | Shipping Clerk                  |
|         198 | Donald      | OConnell    | Shipping Clerk                  |
|         199 | Douglas     | Grant       | Shipping Clerk                  |
|         125 | Julia       | Nayer       | Stock Clerk                     |
|         126 | Irene       | Mikkilineni | Stock Clerk                     |
|         127 | James       | Landry      | Stock Clerk                     |
|         128 | Steven      | Markle      | Stock Clerk                     |
|         129 | Laura       | Bissot      | Stock Clerk                     |
|         130 | Mozhe       | Atkinson    | Stock Clerk                     |
|         131 | James       | Marlow      | Stock Clerk                     |
|         132 | TJ          | Olson       | Stock Clerk                     |
|         133 | Jason       | Mallin      | Stock Clerk                     |
|         134 | Michael     | Rogers      | Stock Clerk                     |
|         135 | Ki          | Gee         | Stock Clerk                     |
|         136 | Hazel       | Philtanker  | Stock Clerk                     |
|         137 | Renske      | Ladwig      | Stock Clerk                     |
|         138 | Stephen     | Stiles      | Stock Clerk                     |
|         139 | John        | Seo         | Stock Clerk                     |
|         140 | Joshua      | Patel       | Stock Clerk                     |
|         141 | Trenna      | Rajs        | Stock Clerk                     |
|         142 | Curtis      | Davies      | Stock Clerk                     |
|         143 | Randall     | Matos       | Stock Clerk                     |
|         144 | Peter       | Vargas      | Stock Clerk                     |
|         120 | Matthew     | Weiss       | Stock Manager                   |
|         121 | Adam        | Fripp       | Stock Manager                   |
|         122 | Payam       | Kaufling    | Stock Manager                   |
|         123 | Shanta      | Vollman     | Stock Manager                   |
|         124 | Kevin       | Mourgos     | Stock Manager                   |
+-------------+-------------+-------------+---------------------------------+
107 rows in set (0.0105 sec)
 MySQL  localhost:3306 ssl  comp2  SQL > desc jobs;
+------------+--------------+------+-----+---------+-------+
| Field      | Type         | Null | Key | Default | Extra |
+------------+--------------+------+-----+---------+-------+
| JOB_ID     | varchar(10)  | NO   | PRI |         |       |
| JOB_TITLE  | varchar(35)  | NO   |     | NULL    |       |
| MIN_SALARY | decimal(6,0) | YES  |     | NULL    |       |
| MAX_SALARY | decimal(6,0) | YES  |     | NULL    |       |
+------------+--------------+------+-----+---------+-------+
4 rows in set (0.0013 sec)
 MySQL  localhost:3306 ssl  comp2  SQL > select a.employee_id, a.first_name, a.last_name, b.min_salary, b.max_salary from employees a inner join jobs b on a.job_id = b.job_id;
+-------------+-------------+-------------+------------+------------+
| employee_id | first_name  | last_name   | min_salary | max_salary |
+-------------+-------------+-------------+------------+------------+
|         206 | William     | Gietz       |       4200 |       9000 |
|         205 | Shelley     | Higgins     |       8200 |      16000 |
|         200 | Jennifer    | Whalen      |       3000 |       6000 |
|         100 | Steven      | King        |      20000 |      40000 |
|         101 | Neena       | Kochhar     |      15000 |      30000 |
|         102 | Lex         | De Haan     |      15000 |      30000 |
|         109 | Daniel      | Faviet      |       4200 |       9000 |
|         110 | John        | Chen        |       4200 |       9000 |
|         111 | Ismael      | Sciarra     |       4200 |       9000 |
|         112 | Jose Manuel | Urman       |       4200 |       9000 |
|         113 | Luis        | Popp        |       4200 |       9000 |
|         108 | Nancy       | Greenberg   |       8200 |      16000 |
|         203 | Susan       | Mavris      |       4000 |       9000 |
|         103 | Alexander   | Hunold      |       4000 |      10000 |
|         104 | Bruce       | Ernst       |       4000 |      10000 |
|         105 | David       | Austin      |       4000 |      10000 |
|         106 | Valli       | Pataballa   |       4000 |      10000 |
|         107 | Diana       | Lorentz     |       4000 |      10000 |
|         201 | Michael     | Hartstein   |       9000 |      15000 |
|         202 | Pat         | Fay         |       4000 |       9000 |
|         204 | Hermann     | Baer        |       4500 |      10500 |
|         115 | Alexander   | Khoo        |       2500 |       5500 |
|         116 | Shelli      | Baida       |       2500 |       5500 |
|         117 | Sigal       | Tobias      |       2500 |       5500 |
|         118 | Guy         | Himuro      |       2500 |       5500 |
|         119 | Karen       | Colmenares  |       2500 |       5500 |
|         114 | Den         | Raphaely    |       8000 |      15000 |
|         145 | John        | Russell     |      10000 |      20000 |
|         146 | Karen       | Partners    |      10000 |      20000 |
|         147 | Alberto     | Errazuriz   |      10000 |      20000 |
|         148 | Gerald      | Cambrault   |      10000 |      20000 |
|         149 | Eleni       | Zlotkey     |      10000 |      20000 |
|         150 | Peter       | Tucker      |       6000 |      12000 |
|         151 | David       | Bernstein   |       6000 |      12000 |
|         152 | Peter       | Hall        |       6000 |      12000 |
|         153 | Christopher | Olsen       |       6000 |      12000 |
|         154 | Nanette     | Cambrault   |       6000 |      12000 |
|         155 | Oliver      | Tuvault     |       6000 |      12000 |
|         156 | Janette     | King        |       6000 |      12000 |
|         157 | Patrick     | Sully       |       6000 |      12000 |
|         158 | Allan       | McEwen      |       6000 |      12000 |
|         159 | Lindsey     | Smith       |       6000 |      12000 |
|         160 | Louise      | Doran       |       6000 |      12000 |
|         161 | Sarath      | Sewall      |       6000 |      12000 |
|         162 | Clara       | Vishney     |       6000 |      12000 |
|         163 | Danielle    | Greene      |       6000 |      12000 |
|         164 | Mattea      | Marvins     |       6000 |      12000 |
|         165 | David       | Lee         |       6000 |      12000 |
|         166 | Sundar      | Ande        |       6000 |      12000 |
|         167 | Amit        | Banda       |       6000 |      12000 |
|         168 | Lisa        | Ozer        |       6000 |      12000 |
|         169 | Harrison    | Bloom       |       6000 |      12000 |
|         170 | Tayler      | Fox         |       6000 |      12000 |
|         171 | William     | Smith       |       6000 |      12000 |
|         172 | Elizabeth   | Bates       |       6000 |      12000 |
|         173 | Sundita     | Kumar       |       6000 |      12000 |
|         174 | Ellen       | Abel        |       6000 |      12000 |
|         175 | Alyssa      | Hutton      |       6000 |      12000 |
|         176 | Jonathon    | Taylor      |       6000 |      12000 |
|         177 | Jack        | Livingston  |       6000 |      12000 |
|         178 | Kimberely   | Grant       |       6000 |      12000 |
|         179 | Charles     | Johnson     |       6000 |      12000 |
|         180 | Winston     | Taylor      |       2500 |       5500 |
|         181 | Jean        | Fleaur      |       2500 |       5500 |
|         182 | Martha      | Sullivan    |       2500 |       5500 |
|         183 | Girard      | Geoni       |       2500 |       5500 |
|         184 | Nandita     | Sarchand    |       2500 |       5500 |
|         185 | Alexis      | Bull        |       2500 |       5500 |
|         186 | Julia       | Dellinger   |       2500 |       5500 |
|         187 | Anthony     | Cabrio      |       2500 |       5500 |
|         188 | Kelly       | Chung       |       2500 |       5500 |
|         189 | Jennifer    | Dilly       |       2500 |       5500 |
|         190 | Timothy     | Gates       |       2500 |       5500 |
|         191 | Randall     | Perkins     |       2500 |       5500 |
|         192 | Sarah       | Bell        |       2500 |       5500 |
|         193 | Britney     | Everett     |       2500 |       5500 |
|         194 | Samuel      | McCain      |       2500 |       5500 |
|         195 | Vance       | Jones       |       2500 |       5500 |
|         196 | Alana       | Walsh       |       2500 |       5500 |
|         197 | Kevin       | Feeney      |       2500 |       5500 |
|         198 | Donald      | OConnell    |       2500 |       5500 |
|         199 | Douglas     | Grant       |       2500 |       5500 |
|         125 | Julia       | Nayer       |       2000 |       5000 |
|         126 | Irene       | Mikkilineni |       2000 |       5000 |
|         127 | James       | Landry      |       2000 |       5000 |
|         128 | Steven      | Markle      |       2000 |       5000 |
|         129 | Laura       | Bissot      |       2000 |       5000 |
|         130 | Mozhe       | Atkinson    |       2000 |       5000 |
|         131 | James       | Marlow      |       2000 |       5000 |
|         132 | TJ          | Olson       |       2000 |       5000 |
|         133 | Jason       | Mallin      |       2000 |       5000 |
|         134 | Michael     | Rogers      |       2000 |       5000 |
|         135 | Ki          | Gee         |       2000 |       5000 |
|         136 | Hazel       | Philtanker  |       2000 |       5000 |
|         137 | Renske      | Ladwig      |       2000 |       5000 |
|         138 | Stephen     | Stiles      |       2000 |       5000 |
|         139 | John        | Seo         |       2000 |       5000 |
|         140 | Joshua      | Patel       |       2000 |       5000 |
|         141 | Trenna      | Rajs        |       2000 |       5000 |
|         142 | Curtis      | Davies      |       2000 |       5000 |
|         143 | Randall     | Matos       |       2000 |       5000 |
|         144 | Peter       | Vargas      |       2000 |       5000 |
|         120 | Matthew     | Weiss       |       5500 |       8500 |
|         121 | Adam        | Fripp       |       5500 |       8500 |
|         122 | Payam       | Kaufling    |       5500 |       8500 |
|         123 | Shanta      | Vollman     |       5500 |       8500 |
|         124 | Kevin       | Mourgos     |       5500 |       8500 |
+-------------+-------------+-------------+------------+------------+
107 rows in set (0.0094 sec)
 MySQL  localhost:3306 ssl  comp2  SQL > show tables;
+-----------------+
| Tables_in_comp2 |
+-----------------+
| countries       |
| departments     |
| employees       |
| job_history     |
| jobs            |
| locations       |
| regions         |
+-----------------+
7 rows in set (0.0069 sec)
 MySQL  localhost:3306 ssl  comp2  SQL > desc departments;
+-----------------+--------------+------+-----+---------+-------+
| Field           | Type         | Null | Key | Default | Extra |
+-----------------+--------------+------+-----+---------+-------+
| DEPARTMENT_ID   | decimal(4,0) | NO   | PRI | 0       |       |
| DEPARTMENT_NAME | varchar(30)  | NO   |     | NULL    |       |
| MANAGER_ID      | decimal(6,0) | YES  | MUL | NULL    |       |
| LOCATION_ID     | decimal(4,0) | YES  | MUL | NULL    |       |
+-----------------+--------------+------+-----+---------+-------+
4 rows in set (0.0090 sec)
 MySQL  localhost:3306 ssl  comp2  SQL > desc employees;
+----------------+--------------+------+-----+---------+-------+
| Field          | Type         | Null | Key | Default | Extra |
+----------------+--------------+------+-----+---------+-------+
| EMPLOYEE_ID    | decimal(6,0) | NO   | PRI | 0       |       |
| FIRST_NAME     | varchar(20)  | YES  |     | NULL    |       |
| LAST_NAME      | varchar(25)  | NO   | MUL | NULL    |       |
| EMAIL          | varchar(25)  | NO   | UNI | NULL    |       |
| PHONE_NUMBER   | varchar(20)  | YES  |     | NULL    |       |
| HIRE_DATE      | date         | NO   |     | NULL    |       |
| JOB_ID         | varchar(10)  | NO   | MUL | NULL    |       |
| SALARY         | decimal(8,2) | YES  |     | NULL    |       |
| COMMISSION_PCT | decimal(2,2) | YES  |     | NULL    |       |
| MANAGER_ID     | decimal(6,0) | YES  | MUL | NULL    |       |
| DEPARTMENT_ID  | decimal(4,0) | YES  | MUL | NULL    |       |
+----------------+--------------+------+-----+---------+-------+
11 rows in set (0.0059 sec)
 MySQL  localhost:3306 ssl  comp2  SQL > select a.employee_id, a.first_name, a.last_name, b.department_id from employees a inner join departments b on a.department_id = b.department_id;
+-------------+-------------+-------------+---------------+
| employee_id | first_name  | last_name   | department_id |
+-------------+-------------+-------------+---------------+
|         103 | Alexander   | Hunold      |            60 |
|         104 | Bruce       | Ernst       |            60 |
|         105 | David       | Austin      |            60 |
|         106 | Valli       | Pataballa   |            60 |
|         107 | Diana       | Lorentz     |            60 |
|         120 | Matthew     | Weiss       |            50 |
|         121 | Adam        | Fripp       |            50 |
|         122 | Payam       | Kaufling    |            50 |
|         123 | Shanta      | Vollman     |            50 |
|         124 | Kevin       | Mourgos     |            50 |
|         125 | Julia       | Nayer       |            50 |
|         126 | Irene       | Mikkilineni |            50 |
|         127 | James       | Landry      |            50 |
|         128 | Steven      | Markle      |            50 |
|         129 | Laura       | Bissot      |            50 |
|         130 | Mozhe       | Atkinson    |            50 |
|         131 | James       | Marlow      |            50 |
|         132 | TJ          | Olson       |            50 |
|         133 | Jason       | Mallin      |            50 |
|         134 | Michael     | Rogers      |            50 |
|         135 | Ki          | Gee         |            50 |
|         136 | Hazel       | Philtanker  |            50 |
|         137 | Renske      | Ladwig      |            50 |
|         138 | Stephen     | Stiles      |            50 |
|         139 | John        | Seo         |            50 |
|         140 | Joshua      | Patel       |            50 |
|         141 | Trenna      | Rajs        |            50 |
|         142 | Curtis      | Davies      |            50 |
|         143 | Randall     | Matos       |            50 |
|         144 | Peter       | Vargas      |            50 |
|         180 | Winston     | Taylor      |            50 |
|         181 | Jean        | Fleaur      |            50 |
|         182 | Martha      | Sullivan    |            50 |
|         183 | Girard      | Geoni       |            50 |
|         184 | Nandita     | Sarchand    |            50 |
|         185 | Alexis      | Bull        |            50 |
|         186 | Julia       | Dellinger   |            50 |
|         187 | Anthony     | Cabrio      |            50 |
|         188 | Kelly       | Chung       |            50 |
|         189 | Jennifer    | Dilly       |            50 |
|         190 | Timothy     | Gates       |            50 |
|         191 | Randall     | Perkins     |            50 |
|         192 | Sarah       | Bell        |            50 |
|         193 | Britney     | Everett     |            50 |
|         194 | Samuel      | McCain      |            50 |
|         195 | Vance       | Jones       |            50 |
|         196 | Alana       | Walsh       |            50 |
|         197 | Kevin       | Feeney      |            50 |
|         198 | Donald      | OConnell    |            50 |
|         199 | Douglas     | Grant       |            50 |
|         200 | Jennifer    | Whalen      |            10 |
|         114 | Den         | Raphaely    |            30 |
|         115 | Alexander   | Khoo        |            30 |
|         116 | Shelli      | Baida       |            30 |
|         117 | Sigal       | Tobias      |            30 |
|         118 | Guy         | Himuro      |            30 |
|         119 | Karen       | Colmenares  |            30 |
|         100 | Steven      | King        |            90 |
|         101 | Neena       | Kochhar     |            90 |
|         102 | Lex         | De Haan     |            90 |
|         108 | Nancy       | Greenberg   |           100 |
|         109 | Daniel      | Faviet      |           100 |
|         110 | John        | Chen        |           100 |
|         111 | Ismael      | Sciarra     |           100 |
|         112 | Jose Manuel | Urman       |           100 |
|         113 | Luis        | Popp        |           100 |
|         205 | Shelley     | Higgins     |           110 |
|         206 | William     | Gietz       |           110 |
|         201 | Michael     | Hartstein   |            20 |
|         202 | Pat         | Fay         |            20 |
|         203 | Susan       | Mavris      |            40 |
|         145 | John        | Russell     |            80 |
|         146 | Karen       | Partners    |            80 |
|         147 | Alberto     | Errazuriz   |            80 |
|         148 | Gerald      | Cambrault   |            80 |
|         149 | Eleni       | Zlotkey     |            80 |
|         150 | Peter       | Tucker      |            80 |
|         151 | David       | Bernstein   |            80 |
|         152 | Peter       | Hall        |            80 |
|         153 | Christopher | Olsen       |            80 |
|         154 | Nanette     | Cambrault   |            80 |
|         155 | Oliver      | Tuvault     |            80 |
|         156 | Janette     | King        |            80 |
|         157 | Patrick     | Sully       |            80 |
|         158 | Allan       | McEwen      |            80 |
|         159 | Lindsey     | Smith       |            80 |
|         160 | Louise      | Doran       |            80 |
|         161 | Sarath      | Sewall      |            80 |
|         162 | Clara       | Vishney     |            80 |
|         163 | Danielle    | Greene      |            80 |
|         164 | Mattea      | Marvins     |            80 |
|         165 | David       | Lee         |            80 |
|         166 | Sundar      | Ande        |            80 |
|         167 | Amit        | Banda       |            80 |
|         168 | Lisa        | Ozer        |            80 |
|         169 | Harrison    | Bloom       |            80 |
|         170 | Tayler      | Fox         |            80 |
|         171 | William     | Smith       |            80 |
|         172 | Elizabeth   | Bates       |            80 |
|         173 | Sundita     | Kumar       |            80 |
|         174 | Ellen       | Abel        |            80 |
|         175 | Alyssa      | Hutton      |            80 |
|         176 | Jonathon    | Taylor      |            80 |
|         177 | Jack        | Livingston  |            80 |
|         179 | Charles     | Johnson     |            80 |
|         204 | Hermann     | Baer        |            70 |
+-------------+-------------+-------------+---------------+
106 rows in set (0.0053 sec)
 MySQL  localhost:3306 ssl  comp2  SQL > desc departments;
+-----------------+--------------+------+-----+---------+-------+
| Field           | Type         | Null | Key | Default | Extra |
+-----------------+--------------+------+-----+---------+-------+
| DEPARTMENT_ID   | decimal(4,0) | NO   | PRI | 0       |       |
| DEPARTMENT_NAME | varchar(30)  | NO   |     | NULL    |       |
| MANAGER_ID      | decimal(6,0) | YES  | MUL | NULL    |       |
| LOCATION_ID     | decimal(4,0) | YES  | MUL | NULL    |       |
+-----------------+--------------+------+-----+---------+-------+
4 rows in set (0.0071 sec)
 MySQL  localhost:3306 ssl  comp2  SQL > desc employees;
+----------------+--------------+------+-----+---------+-------+
| Field          | Type         | Null | Key | Default | Extra |
+----------------+--------------+------+-----+---------+-------+
| EMPLOYEE_ID    | decimal(6,0) | NO   | PRI | 0       |       |
| FIRST_NAME     | varchar(20)  | YES  |     | NULL    |       |
| LAST_NAME      | varchar(25)  | NO   | MUL | NULL    |       |
| EMAIL          | varchar(25)  | NO   | UNI | NULL    |       |
| PHONE_NUMBER   | varchar(20)  | YES  |     | NULL    |       |
| HIRE_DATE      | date         | NO   |     | NULL    |       |
| JOB_ID         | varchar(10)  | NO   | MUL | NULL    |       |
| SALARY         | decimal(8,2) | YES  |     | NULL    |       |
| COMMISSION_PCT | decimal(2,2) | YES  |     | NULL    |       |
| MANAGER_ID     | decimal(6,0) | YES  | MUL | NULL    |       |
| DEPARTMENT_ID  | decimal(4,0) | YES  | MUL | NULL    |       |
+----------------+--------------+------+-----+---------+-------+
11 rows in set (0.0095 sec)
MySQL  localhost:3306 ssl  comp2  SQL > select a.department_name, c.first_name, c.last_name from departments a inner join employees b on a.department_id = b.department_id inner join employees c on b.employee_id = c.manager_id limit 200;
+-----------------+-------------+-------------+
| department_name | first_name  | last_name   |
+-----------------+-------------+-------------+
| Executive       | Neena       | Kochhar     |
| Executive       | Lex         | De Haan     |
| Executive       | Alexander   | Hunold      |
| IT              | Bruce       | Ernst       |
| IT              | David       | Austin      |
| IT              | Valli       | Pataballa   |
| IT              | Diana       | Lorentz     |
| Executive       | Nancy       | Greenberg   |
| Finance         | Daniel      | Faviet      |
| Finance         | John        | Chen        |
| Finance         | Ismael      | Sciarra     |
| Finance         | Jose Manuel | Urman       |
| Finance         | Luis        | Popp        |
| Executive       | Den         | Raphaely    |
| Purchasing      | Alexander   | Khoo        |
| Purchasing      | Shelli      | Baida       |
| Purchasing      | Sigal       | Tobias      |
| Purchasing      | Guy         | Himuro      |
| Purchasing      | Karen       | Colmenares  |
| Executive       | Matthew     | Weiss       |
| Executive       | Adam        | Fripp       |
| Executive       | Payam       | Kaufling    |
| Executive       | Shanta      | Vollman     |
| Executive       | Kevin       | Mourgos     |
| Shipping        | Julia       | Nayer       |
| Shipping        | Irene       | Mikkilineni |
| Shipping        | James       | Landry      |
| Shipping        | Steven      | Markle      |
| Shipping        | Laura       | Bissot      |
| Shipping        | Mozhe       | Atkinson    |
| Shipping        | James       | Marlow      |
| Shipping        | TJ          | Olson       |
| Shipping        | Jason       | Mallin      |
| Shipping        | Michael     | Rogers      |
| Shipping        | Ki          | Gee         |
| Shipping        | Hazel       | Philtanker  |
| Shipping        | Renske      | Ladwig      |
| Shipping        | Stephen     | Stiles      |
| Shipping        | John        | Seo         |
| Shipping        | Joshua      | Patel       |
| Shipping        | Trenna      | Rajs        |
| Shipping        | Curtis      | Davies      |
| Shipping        | Randall     | Matos       |
| Shipping        | Peter       | Vargas      |
| Executive       | John        | Russell     |
| Executive       | Karen       | Partners    |
| Executive       | Alberto     | Errazuriz   |
| Executive       | Gerald      | Cambrault   |
| Executive       | Eleni       | Zlotkey     |
| Sales           | Peter       | Tucker      |
| Sales           | David       | Bernstein   |
| Sales           | Peter       | Hall        |
| Sales           | Christopher | Olsen       |
| Sales           | Nanette     | Cambrault   |
| Sales           | Oliver      | Tuvault     |
| Sales           | Janette     | King        |
| Sales           | Patrick     | Sully       |
| Sales           | Allan       | McEwen      |
| Sales           | Lindsey     | Smith       |
| Sales           | Louise      | Doran       |
| Sales           | Sarath      | Sewall      |
| Sales           | Clara       | Vishney     |
| Sales           | Danielle    | Greene      |
| Sales           | Mattea      | Marvins     |
| Sales           | David       | Lee         |
| Sales           | Sundar      | Ande        |
| Sales           | Amit        | Banda       |
| Sales           | Lisa        | Ozer        |
| Sales           | Harrison    | Bloom       |
| Sales           | Tayler      | Fox         |
| Sales           | William     | Smith       |
| Sales           | Elizabeth   | Bates       |
| Sales           | Sundita     | Kumar       |
| Sales           | Ellen       | Abel        |
| Sales           | Alyssa      | Hutton      |
| Sales           | Jonathon    | Taylor      |
| Sales           | Jack        | Livingston  |
| Sales           | Kimberely   | Grant       |
| Sales           | Charles     | Johnson     |
| Shipping        | Winston     | Taylor      |
| Shipping        | Jean        | Fleaur      |
| Shipping        | Martha      | Sullivan    |
| Shipping        | Girard      | Geoni       |
| Shipping        | Nandita     | Sarchand    |
| Shipping        | Alexis      | Bull        |
| Shipping        | Julia       | Dellinger   |
| Shipping        | Anthony     | Cabrio      |
| Shipping        | Kelly       | Chung       |
| Shipping        | Jennifer    | Dilly       |
| Shipping        | Timothy     | Gates       |
| Shipping        | Randall     | Perkins     |
| Shipping        | Sarah       | Bell        |
| Shipping        | Britney     | Everett     |
| Shipping        | Samuel      | McCain      |
| Shipping        | Vance       | Jones       |
| Shipping        | Alana       | Walsh       |
| Shipping        | Kevin       | Feeney      |
| Shipping        | Donald      | OConnell    |
| Shipping        | Douglas     | Grant       |
| Executive       | Jennifer    | Whalen      |
| Executive       | Michael     | Hartstein   |
| Marketing       | Pat         | Fay         |
| Executive       | Susan       | Mavris      |
| Executive       | Hermann     | Baer        |
| Executive       | Shelley     | Higgins     |
| Accounting      | William     | Gietz       |
+-----------------+-------------+-------------+
106 rows in set (0.0140 sec)
MySQL  localhost:3306 ssl  comp2  SQL > desc departments;
+-----------------+--------------+------+-----+---------+-------+
| Field           | Type         | Null | Key | Default | Extra |
+-----------------+--------------+------+-----+---------+-------+
| DEPARTMENT_ID   | decimal(4,0) | NO   | PRI | 0       |       |
| DEPARTMENT_NAME | varchar(30)  | NO   |     | NULL    |       |
| MANAGER_ID      | decimal(6,0) | YES  | MUL | NULL    |       |
| LOCATION_ID     | decimal(4,0) | YES  | MUL | NULL    |       |
+-----------------+--------------+------+-----+---------+-------+
4 rows in set (0.0013 sec)
 MySQL  localhost:3306 ssl  comp2  SQL > show tables;
+-----------------+
| Tables_in_comp2 |
+-----------------+
| countries       |
| departments     |
| employees       |
| job_history     |
| jobs            |
| locations       |
| regions         |
+-----------------+
7 rows in set (0.0065 sec)
 MySQL  localhost:3306 ssl  comp2  SQL > desc departments;
+-----------------+--------------+------+-----+---------+-------+
| Field           | Type         | Null | Key | Default | Extra |
+-----------------+--------------+------+-----+---------+-------+
| DEPARTMENT_ID   | decimal(4,0) | NO   | PRI | 0       |       |
| DEPARTMENT_NAME | varchar(30)  | NO   |     | NULL    |       |
| MANAGER_ID      | decimal(6,0) | YES  | MUL | NULL    |       |
| LOCATION_ID     | decimal(4,0) | YES  | MUL | NULL    |       |
+-----------------+--------------+------+-----+---------+-------+
4 rows in set (0.0092 sec)
 MySQL  localhost:3306 ssl  comp2  SQL > desc locations;
+----------------+--------------+------+-----+---------+-------+
| Field          | Type         | Null | Key | Default | Extra |
+----------------+--------------+------+-----+---------+-------+
| LOCATION_ID    | decimal(4,0) | NO   | PRI | 0       |       |
| STREET_ADDRESS | varchar(40)  | YES  |     | NULL    |       |
| POSTAL_CODE    | varchar(12)  | YES  |     | NULL    |       |
| CITY           | varchar(30)  | NO   | MUL | NULL    |       |
| STATE_PROVINCE | varchar(25)  | YES  | MUL | NULL    |       |
| COUNTRY_ID     | varchar(2)   | YES  | MUL | NULL    |       |
+----------------+--------------+------+-----+---------+-------+
6 rows in set (0.0080 sec)
 MySQL  localhost:3306 ssl  comp2  SQL > select a.department_name, b.street_address, b.city, b.state_province, c.;
ERROR: 1064 (42000): You have an error in your SQL syntax; check the manual that corresponds to your MySQL server version for the right syntax to use near '' at line 1
 MySQL  localhost:3306 ssl  comp2  SQL > desc countries;
+--------------+---------------+------+-----+---------+-------+
| Field        | Type          | Null | Key | Default | Extra |
+--------------+---------------+------+-----+---------+-------+
| COUNTRY_ID   | varchar(2)    | NO   | PRI | NULL    |       |
| COUNTRY_NAME | varchar(40)   | YES  |     | NULL    |       |
| REGION_ID    | decimal(10,0) | YES  | MUL | NULL    |       |
+--------------+---------------+------+-----+---------+-------+
3 rows in set (0.0104 sec)
 MySQL  localhost:3306 ssl  comp2  SQL > select a.department_name, b.street_address, b.city, b.state_province, c.country_name from departments a inner join locations b on a.location_id = b.location_id inner join countries c on b.country_id = c.country_id;
+----------------------+-----------------------+---------------------+----------------+--------------------------+
| department_name      | street_address        | city                | state_province | country_name             |
+----------------------+-----------------------+---------------------+----------------+--------------------------+
| Administration       | 2004 Charade Rd       | Seattle             | Washington     | United States of America |
| Marketing            | 147 Spadina Ave       | Toronto             | Ontario        | Canada                   |
| Purchasing           | 2004 Charade Rd       | Seattle             | Washington     | United States of America |
| Human Resources      | 8204 Arthur St        | London              |                | United Kingdom           |
| Shipping             | 2011 Interiors Blvd   | South San Francisco | California     | United States of America |
| IT                   | 2014 Jabberwocky Rd   | Southlake           | Texas          | United States of America |
| Public Relations     | Schwanthalerstr. 7031 | Munich              | Bavaria        | Germany                  |
| Executive            | 2004 Charade Rd       | Seattle             | Washington     | United States of America |
| Finance              | 2004 Charade Rd       | Seattle             | Washington     | United States of America |
| Accounting           | 2004 Charade Rd       | Seattle             | Washington     | United States of America |
| Treasury             | 2004 Charade Rd       | Seattle             | Washington     | United States of America |
| Corporate Tax        | 2004 Charade Rd       | Seattle             | Washington     | United States of America |
| Control And Credit   | 2004 Charade Rd       | Seattle             | Washington     | United States of America |
| Shareholder Services | 2004 Charade Rd       | Seattle             | Washington     | United States of America |
| Benefits             | 2004 Charade Rd       | Seattle             | Washington     | United States of America |
| Manufacturing        | 2004 Charade Rd       | Seattle             | Washington     | United States of America |
| Construction         | 2004 Charade Rd       | Seattle             | Washington     | United States of America |
| Contracting          | 2004 Charade Rd       | Seattle             | Washington     | United States of America |
| Operations           | 2004 Charade Rd       | Seattle             | Washington     | United States of America |
| IT Support           | 2004 Charade Rd       | Seattle             | Washington     | United States of America |
| NOC                  | 2004 Charade Rd       | Seattle             | Washington     | United States of America |
| IT Helpdesk          | 2004 Charade Rd       | Seattle             | Washington     | United States of America |
| Government Sales     | 2004 Charade Rd       | Seattle             | Washington     | United States of America |
| Retail Sales         | 2004 Charade Rd       | Seattle             | Washington     | United States of America |
| Recruiting           | 2004 Charade Rd       | Seattle             | Washington     | United States of America |
| Payroll              | 2004 Charade Rd       | Seattle             | Washington     | United States of America |
+----------------------+-----------------------+---------------------+----------------+--------------------------+
26 rows in set (0.0122 sec)
 MySQL  localhost:3306 ssl  comp2  SQL > desc employees;
+----------------+--------------+------+-----+---------+-------+
| Field          | Type         | Null | Key | Default | Extra |
+----------------+--------------+------+-----+---------+-------+
| EMPLOYEE_ID    | decimal(6,0) | NO   | PRI | 0       |       |
| FIRST_NAME     | varchar(20)  | YES  |     | NULL    |       |
| LAST_NAME      | varchar(25)  | NO   | MUL | NULL    |       |
| EMAIL          | varchar(25)  | NO   | UNI | NULL    |       |
| PHONE_NUMBER   | varchar(20)  | YES  |     | NULL    |       |
| HIRE_DATE      | date         | NO   |     | NULL    |       |
| JOB_ID         | varchar(10)  | NO   | MUL | NULL    |       |
| SALARY         | decimal(8,2) | YES  |     | NULL    |       |
| COMMISSION_PCT | decimal(2,2) | YES  |     | NULL    |       |
| MANAGER_ID     | decimal(6,0) | YES  | MUL | NULL    |       |
| DEPARTMENT_ID  | decimal(4,0) | YES  | MUL | NULL    |       |
+----------------+--------------+------+-----+---------+-------+
11 rows in set (0.0015 sec)
 MySQL  localhost:3306 ssl  comp2  SQL > desc jobs;
+------------+--------------+------+-----+---------+-------+
| Field      | Type         | Null | Key | Default | Extra |
+------------+--------------+------+-----+---------+-------+
| JOB_ID     | varchar(10)  | NO   | PRI |         |       |
| JOB_TITLE  | varchar(35)  | NO   |     | NULL    |       |
| MIN_SALARY | decimal(6,0) | YES  |     | NULL    |       |
| MAX_SALARY | decimal(6,0) | YES  |     | NULL    |       |
+------------+--------------+------+-----+---------+-------+
4 rows in set (0.0101 sec)
 MySQL  localhost:3306 ssl  comp2  SQL > select a.employee_id, a.first_name, a.last_name, c.first_name, c.last_name from employees a inner join departments b on a.deparment_id = b.deparment_id inner join employees on b.department_id = c.deparment_id;
ERROR: 1054 (42S22): Unknown column 'c.first_name' in 'field list'
 MySQL  localhost:3306 ssl  comp2  SQL > desc deparments;
ERROR: 1146 (42S02): Table 'comp2.deparments' doesn't exist
 MySQL  localhost:3306 ssl  comp2  SQL > desc departments;
+-----------------+--------------+------+-----+---------+-------+
| Field           | Type         | Null | Key | Default | Extra |
+-----------------+--------------+------+-----+---------+-------+
| DEPARTMENT_ID   | decimal(4,0) | NO   | PRI | 0       |       |
| DEPARTMENT_NAME | varchar(30)  | NO   |     | NULL    |       |
| MANAGER_ID      | decimal(6,0) | YES  | MUL | NULL    |       |
| LOCATION_ID     | decimal(4,0) | YES  | MUL | NULL    |       |
+-----------------+--------------+------+-----+---------+-------+
4 rows in set (0.0013 sec)
 MySQL  localhost:3306 ssl  comp2  SQL > select a.employee_id, a.first_name, a.last_name, b.first_name, b.last_name from employees a inner join employees b on a.employee_id = b.manager_id limit 200;
+-------------+------------+-----------+-------------+-------------+
| employee_id | first_name | last_name | first_name  | last_name   |
+-------------+------------+-----------+-------------+-------------+
|         100 | Steven     | King      | Neena       | Kochhar     |
|         100 | Steven     | King      | Lex         | De Haan     |
|         102 | Lex        | De Haan   | Alexander   | Hunold      |
|         103 | Alexander  | Hunold    | Bruce       | Ernst       |
|         103 | Alexander  | Hunold    | David       | Austin      |
|         103 | Alexander  | Hunold    | Valli       | Pataballa   |
|         103 | Alexander  | Hunold    | Diana       | Lorentz     |
|         101 | Neena      | Kochhar   | Nancy       | Greenberg   |
|         108 | Nancy      | Greenberg | Daniel      | Faviet      |
|         108 | Nancy      | Greenberg | John        | Chen        |
|         108 | Nancy      | Greenberg | Ismael      | Sciarra     |
|         108 | Nancy      | Greenberg | Jose Manuel | Urman       |
|         108 | Nancy      | Greenberg | Luis        | Popp        |
|         100 | Steven     | King      | Den         | Raphaely    |
|         114 | Den        | Raphaely  | Alexander   | Khoo        |
|         114 | Den        | Raphaely  | Shelli      | Baida       |
|         114 | Den        | Raphaely  | Sigal       | Tobias      |
|         114 | Den        | Raphaely  | Guy         | Himuro      |
|         114 | Den        | Raphaely  | Karen       | Colmenares  |
|         100 | Steven     | King      | Matthew     | Weiss       |
|         100 | Steven     | King      | Adam        | Fripp       |
|         100 | Steven     | King      | Payam       | Kaufling    |
|         100 | Steven     | King      | Shanta      | Vollman     |
|         100 | Steven     | King      | Kevin       | Mourgos     |
|         120 | Matthew    | Weiss     | Julia       | Nayer       |
|         120 | Matthew    | Weiss     | Irene       | Mikkilineni |
|         120 | Matthew    | Weiss     | James       | Landry      |
|         120 | Matthew    | Weiss     | Steven      | Markle      |
|         121 | Adam       | Fripp     | Laura       | Bissot      |
|         121 | Adam       | Fripp     | Mozhe       | Atkinson    |
|         121 | Adam       | Fripp     | James       | Marlow      |
|         121 | Adam       | Fripp     | TJ          | Olson       |
|         122 | Payam      | Kaufling  | Jason       | Mallin      |
|         122 | Payam      | Kaufling  | Michael     | Rogers      |
|         122 | Payam      | Kaufling  | Ki          | Gee         |
|         122 | Payam      | Kaufling  | Hazel       | Philtanker  |
|         123 | Shanta     | Vollman   | Renske      | Ladwig      |
|         123 | Shanta     | Vollman   | Stephen     | Stiles      |
|         123 | Shanta     | Vollman   | John        | Seo         |
|         123 | Shanta     | Vollman   | Joshua      | Patel       |
|         124 | Kevin      | Mourgos   | Trenna      | Rajs        |
|         124 | Kevin      | Mourgos   | Curtis      | Davies      |
|         124 | Kevin      | Mourgos   | Randall     | Matos       |
|         124 | Kevin      | Mourgos   | Peter       | Vargas      |
|         100 | Steven     | King      | John        | Russell     |
|         100 | Steven     | King      | Karen       | Partners    |
|         100 | Steven     | King      | Alberto     | Errazuriz   |
|         100 | Steven     | King      | Gerald      | Cambrault   |
|         100 | Steven     | King      | Eleni       | Zlotkey     |
|         145 | John       | Russell   | Peter       | Tucker      |
|         145 | John       | Russell   | David       | Bernstein   |
|         145 | John       | Russell   | Peter       | Hall        |
|         145 | John       | Russell   | Christopher | Olsen       |
|         145 | John       | Russell   | Nanette     | Cambrault   |
|         145 | John       | Russell   | Oliver      | Tuvault     |
|         146 | Karen      | Partners  | Janette     | King        |
|         146 | Karen      | Partners  | Patrick     | Sully       |
|         146 | Karen      | Partners  | Allan       | McEwen      |
|         146 | Karen      | Partners  | Lindsey     | Smith       |
|         146 | Karen      | Partners  | Louise      | Doran       |
|         146 | Karen      | Partners  | Sarath      | Sewall      |
|         147 | Alberto    | Errazuriz | Clara       | Vishney     |
|         147 | Alberto    | Errazuriz | Danielle    | Greene      |
|         147 | Alberto    | Errazuriz | Mattea      | Marvins     |
|         147 | Alberto    | Errazuriz | David       | Lee         |
|         147 | Alberto    | Errazuriz | Sundar      | Ande        |
|         147 | Alberto    | Errazuriz | Amit        | Banda       |
|         148 | Gerald     | Cambrault | Lisa        | Ozer        |
|         148 | Gerald     | Cambrault | Harrison    | Bloom       |
|         148 | Gerald     | Cambrault | Tayler      | Fox         |
|         148 | Gerald     | Cambrault | William     | Smith       |
|         148 | Gerald     | Cambrault | Elizabeth   | Bates       |
|         148 | Gerald     | Cambrault | Sundita     | Kumar       |
|         149 | Eleni      | Zlotkey   | Ellen       | Abel        |
|         149 | Eleni      | Zlotkey   | Alyssa      | Hutton      |
|         149 | Eleni      | Zlotkey   | Jonathon    | Taylor      |
|         149 | Eleni      | Zlotkey   | Jack        | Livingston  |
|         149 | Eleni      | Zlotkey   | Kimberely   | Grant       |
|         149 | Eleni      | Zlotkey   | Charles     | Johnson     |
|         120 | Matthew    | Weiss     | Winston     | Taylor      |
|         120 | Matthew    | Weiss     | Jean        | Fleaur      |
|         120 | Matthew    | Weiss     | Martha      | Sullivan    |
|         120 | Matthew    | Weiss     | Girard      | Geoni       |
|         121 | Adam       | Fripp     | Nandita     | Sarchand    |
|         121 | Adam       | Fripp     | Alexis      | Bull        |
|         121 | Adam       | Fripp     | Julia       | Dellinger   |
|         121 | Adam       | Fripp     | Anthony     | Cabrio      |
|         122 | Payam      | Kaufling  | Kelly       | Chung       |
|         122 | Payam      | Kaufling  | Jennifer    | Dilly       |
|         122 | Payam      | Kaufling  | Timothy     | Gates       |
|         122 | Payam      | Kaufling  | Randall     | Perkins     |
|         123 | Shanta     | Vollman   | Sarah       | Bell        |
|         123 | Shanta     | Vollman   | Britney     | Everett     |
|         123 | Shanta     | Vollman   | Samuel      | McCain      |
|         123 | Shanta     | Vollman   | Vance       | Jones       |
|         124 | Kevin      | Mourgos   | Alana       | Walsh       |
|         124 | Kevin      | Mourgos   | Kevin       | Feeney      |
|         124 | Kevin      | Mourgos   | Donald      | OConnell    |
|         124 | Kevin      | Mourgos   | Douglas     | Grant       |
|         101 | Neena      | Kochhar   | Jennifer    | Whalen      |
|         100 | Steven     | King      | Michael     | Hartstein   |
|         201 | Michael    | Hartstein | Pat         | Fay         |
|         101 | Neena      | Kochhar   | Susan       | Mavris      |
|         101 | Neena      | Kochhar   | Hermann     | Baer        |
|         101 | Neena      | Kochhar   | Shelley     | Higgins     |
|         205 | Shelley    | Higgins   | William     | Gietz       |
+-------------+------------+-----------+-------------+-------------+
106 rows in set (0.0188 sec)
 MySQL  localhost:3306 ssl  comp2  SQL > select a.first_name, a.last_name, b.employee_id, b.first_name, b.last_name from employees a inner join employees b on a.manager_id = b.employee_id limit 200;
+-------------+-------------+-------------+------------+-----------+
| first_name  | last_name   | employee_id | first_name | last_name |
+-------------+-------------+-------------+------------+-----------+
| Neena       | Kochhar     |         100 | Steven     | King      |
| Lex         | De Haan     |         100 | Steven     | King      |
| Alexander   | Hunold      |         102 | Lex        | De Haan   |
| Bruce       | Ernst       |         103 | Alexander  | Hunold    |
| David       | Austin      |         103 | Alexander  | Hunold    |
| Valli       | Pataballa   |         103 | Alexander  | Hunold    |
| Diana       | Lorentz     |         103 | Alexander  | Hunold    |
| Nancy       | Greenberg   |         101 | Neena      | Kochhar   |
| Daniel      | Faviet      |         108 | Nancy      | Greenberg |
| John        | Chen        |         108 | Nancy      | Greenberg |
| Ismael      | Sciarra     |         108 | Nancy      | Greenberg |
| Jose Manuel | Urman       |         108 | Nancy      | Greenberg |
| Luis        | Popp        |         108 | Nancy      | Greenberg |
| Den         | Raphaely    |         100 | Steven     | King      |
| Alexander   | Khoo        |         114 | Den        | Raphaely  |
| Shelli      | Baida       |         114 | Den        | Raphaely  |
| Sigal       | Tobias      |         114 | Den        | Raphaely  |
| Guy         | Himuro      |         114 | Den        | Raphaely  |
| Karen       | Colmenares  |         114 | Den        | Raphaely  |
| Matthew     | Weiss       |         100 | Steven     | King      |
| Adam        | Fripp       |         100 | Steven     | King      |
| Payam       | Kaufling    |         100 | Steven     | King      |
| Shanta      | Vollman     |         100 | Steven     | King      |
| Kevin       | Mourgos     |         100 | Steven     | King      |
| Julia       | Nayer       |         120 | Matthew    | Weiss     |
| Irene       | Mikkilineni |         120 | Matthew    | Weiss     |
| James       | Landry      |         120 | Matthew    | Weiss     |
| Steven      | Markle      |         120 | Matthew    | Weiss     |
| Laura       | Bissot      |         121 | Adam       | Fripp     |
| Mozhe       | Atkinson    |         121 | Adam       | Fripp     |
| James       | Marlow      |         121 | Adam       | Fripp     |
| TJ          | Olson       |         121 | Adam       | Fripp     |
| Jason       | Mallin      |         122 | Payam      | Kaufling  |
| Michael     | Rogers      |         122 | Payam      | Kaufling  |
| Ki          | Gee         |         122 | Payam      | Kaufling  |
| Hazel       | Philtanker  |         122 | Payam      | Kaufling  |
| Renske      | Ladwig      |         123 | Shanta     | Vollman   |
| Stephen     | Stiles      |         123 | Shanta     | Vollman   |
| John        | Seo         |         123 | Shanta     | Vollman   |
| Joshua      | Patel       |         123 | Shanta     | Vollman   |
| Trenna      | Rajs        |         124 | Kevin      | Mourgos   |
| Curtis      | Davies      |         124 | Kevin      | Mourgos   |
| Randall     | Matos       |         124 | Kevin      | Mourgos   |
| Peter       | Vargas      |         124 | Kevin      | Mourgos   |
| John        | Russell     |         100 | Steven     | King      |
| Karen       | Partners    |         100 | Steven     | King      |
| Alberto     | Errazuriz   |         100 | Steven     | King      |
| Gerald      | Cambrault   |         100 | Steven     | King      |
| Eleni       | Zlotkey     |         100 | Steven     | King      |
| Peter       | Tucker      |         145 | John       | Russell   |
| David       | Bernstein   |         145 | John       | Russell   |
| Peter       | Hall        |         145 | John       | Russell   |
| Christopher | Olsen       |         145 | John       | Russell   |
| Nanette     | Cambrault   |         145 | John       | Russell   |
| Oliver      | Tuvault     |         145 | John       | Russell   |
| Janette     | King        |         146 | Karen      | Partners  |
| Patrick     | Sully       |         146 | Karen      | Partners  |
| Allan       | McEwen      |         146 | Karen      | Partners  |
| Lindsey     | Smith       |         146 | Karen      | Partners  |
| Louise      | Doran       |         146 | Karen      | Partners  |
| Sarath      | Sewall      |         146 | Karen      | Partners  |
| Clara       | Vishney     |         147 | Alberto    | Errazuriz |
| Danielle    | Greene      |         147 | Alberto    | Errazuriz |
| Mattea      | Marvins     |         147 | Alberto    | Errazuriz |
| David       | Lee         |         147 | Alberto    | Errazuriz |
| Sundar      | Ande        |         147 | Alberto    | Errazuriz |
| Amit        | Banda       |         147 | Alberto    | Errazuriz |
| Lisa        | Ozer        |         148 | Gerald     | Cambrault |
| Harrison    | Bloom       |         148 | Gerald     | Cambrault |
| Tayler      | Fox         |         148 | Gerald     | Cambrault |
| William     | Smith       |         148 | Gerald     | Cambrault |
| Elizabeth   | Bates       |         148 | Gerald     | Cambrault |
| Sundita     | Kumar       |         148 | Gerald     | Cambrault |
| Ellen       | Abel        |         149 | Eleni      | Zlotkey   |
| Alyssa      | Hutton      |         149 | Eleni      | Zlotkey   |
| Jonathon    | Taylor      |         149 | Eleni      | Zlotkey   |
| Jack        | Livingston  |         149 | Eleni      | Zlotkey   |
| Kimberely   | Grant       |         149 | Eleni      | Zlotkey   |
| Charles     | Johnson     |         149 | Eleni      | Zlotkey   |
| Winston     | Taylor      |         120 | Matthew    | Weiss     |
| Jean        | Fleaur      |         120 | Matthew    | Weiss     |
| Martha      | Sullivan    |         120 | Matthew    | Weiss     |
| Girard      | Geoni       |         120 | Matthew    | Weiss     |
| Nandita     | Sarchand    |         121 | Adam       | Fripp     |
| Alexis      | Bull        |         121 | Adam       | Fripp     |
| Julia       | Dellinger   |         121 | Adam       | Fripp     |
| Anthony     | Cabrio      |         121 | Adam       | Fripp     |
| Kelly       | Chung       |         122 | Payam      | Kaufling  |
| Jennifer    | Dilly       |         122 | Payam      | Kaufling  |
| Timothy     | Gates       |         122 | Payam      | Kaufling  |
| Randall     | Perkins     |         122 | Payam      | Kaufling  |
| Sarah       | Bell        |         123 | Shanta     | Vollman   |
| Britney     | Everett     |         123 | Shanta     | Vollman   |
| Samuel      | McCain      |         123 | Shanta     | Vollman   |
| Vance       | Jones       |         123 | Shanta     | Vollman   |
| Alana       | Walsh       |         124 | Kevin      | Mourgos   |
| Kevin       | Feeney      |         124 | Kevin      | Mourgos   |
| Donald      | OConnell    |         124 | Kevin      | Mourgos   |
| Douglas     | Grant       |         124 | Kevin      | Mourgos   |
| Jennifer    | Whalen      |         101 | Neena      | Kochhar   |
| Michael     | Hartstein   |         100 | Steven     | King      |
| Pat         | Fay         |         201 | Michael    | Hartstein |
| Susan       | Mavris      |         101 | Neena      | Kochhar   |
| Hermann     | Baer        |         101 | Neena      | Kochhar   |
| Shelley     | Higgins     |         101 | Neena      | Kochhar   |
| William     | Gietz       |         205 | Shelley    | Higgins   |
+-------------+-------------+-------------+------------+-----------+
106 rows in set (0.0005 sec)
 MySQL  localhost:3306 ssl  comp2  SQL > select a.first_name, a.last_name, b.job_title, c.department_name from employees a inner join jobs b on a.job_id = b.job_id inner join departments c on a.department_id = c.department_id;
+-------------+-------------+---------------------------------+------------------+
| first_name  | last_name   | job_title                       | department_name  |
+-------------+-------------+---------------------------------+------------------+
| William     | Gietz       | Public Accountant               | Accounting       |
| Shelley     | Higgins     | Accounting Manager              | Accounting       |
| Jennifer    | Whalen      | Administration Assistant        | Administration   |
| Steven      | King        | President                       | Executive        |
| Neena       | Kochhar     | Administration Vice President   | Executive        |
| Lex         | De Haan     | Administration Vice President   | Executive        |
| Daniel      | Faviet      | Accountant                      | Finance          |
| John        | Chen        | Accountant                      | Finance          |
| Ismael      | Sciarra     | Accountant                      | Finance          |
| Jose Manuel | Urman       | Accountant                      | Finance          |
| Luis        | Popp        | Accountant                      | Finance          |
| Nancy       | Greenberg   | Finance Manager                 | Finance          |
| Susan       | Mavris      | Human Resources Representative  | Human Resources  |
| Alexander   | Hunold      | Programmer                      | IT               |
| Bruce       | Ernst       | Programmer                      | IT               |
| David       | Austin      | Programmer                      | IT               |
| Valli       | Pataballa   | Programmer                      | IT               |
| Diana       | Lorentz     | Programmer                      | IT               |
| Michael     | Hartstein   | Marketing Manager               | Marketing        |
| Pat         | Fay         | Marketing Representative        | Marketing        |
| Hermann     | Baer        | Public Relations Representative | Public Relations |
| Alexander   | Khoo        | Purchasing Clerk                | Purchasing       |
| Shelli      | Baida       | Purchasing Clerk                | Purchasing       |
| Sigal       | Tobias      | Purchasing Clerk                | Purchasing       |
| Guy         | Himuro      | Purchasing Clerk                | Purchasing       |
| Karen       | Colmenares  | Purchasing Clerk                | Purchasing       |
| Den         | Raphaely    | Purchasing Manager              | Purchasing       |
| John        | Russell     | Sales Manager                   | Sales            |
| Karen       | Partners    | Sales Manager                   | Sales            |
| Alberto     | Errazuriz   | Sales Manager                   | Sales            |
| Gerald      | Cambrault   | Sales Manager                   | Sales            |
| Eleni       | Zlotkey     | Sales Manager                   | Sales            |
| Peter       | Tucker      | Sales Representative            | Sales            |
| David       | Bernstein   | Sales Representative            | Sales            |
| Peter       | Hall        | Sales Representative            | Sales            |
| Christopher | Olsen       | Sales Representative            | Sales            |
| Nanette     | Cambrault   | Sales Representative            | Sales            |
| Oliver      | Tuvault     | Sales Representative            | Sales            |
| Janette     | King        | Sales Representative            | Sales            |
| Patrick     | Sully       | Sales Representative            | Sales            |
| Allan       | McEwen      | Sales Representative            | Sales            |
| Lindsey     | Smith       | Sales Representative            | Sales            |
| Louise      | Doran       | Sales Representative            | Sales            |
| Sarath      | Sewall      | Sales Representative            | Sales            |
| Clara       | Vishney     | Sales Representative            | Sales            |
| Danielle    | Greene      | Sales Representative            | Sales            |
| Mattea      | Marvins     | Sales Representative            | Sales            |
| David       | Lee         | Sales Representative            | Sales            |
| Sundar      | Ande        | Sales Representative            | Sales            |
| Amit        | Banda       | Sales Representative            | Sales            |
| Lisa        | Ozer        | Sales Representative            | Sales            |
| Harrison    | Bloom       | Sales Representative            | Sales            |
| Tayler      | Fox         | Sales Representative            | Sales            |
| William     | Smith       | Sales Representative            | Sales            |
| Elizabeth   | Bates       | Sales Representative            | Sales            |
| Sundita     | Kumar       | Sales Representative            | Sales            |
| Ellen       | Abel        | Sales Representative            | Sales            |
| Alyssa      | Hutton      | Sales Representative            | Sales            |
| Jonathon    | Taylor      | Sales Representative            | Sales            |
| Jack        | Livingston  | Sales Representative            | Sales            |
| Charles     | Johnson     | Sales Representative            | Sales            |
| Winston     | Taylor      | Shipping Clerk                  | Shipping         |
| Jean        | Fleaur      | Shipping Clerk                  | Shipping         |
| Martha      | Sullivan    | Shipping Clerk                  | Shipping         |
| Girard      | Geoni       | Shipping Clerk                  | Shipping         |
| Nandita     | Sarchand    | Shipping Clerk                  | Shipping         |
| Alexis      | Bull        | Shipping Clerk                  | Shipping         |
| Julia       | Dellinger   | Shipping Clerk                  | Shipping         |
| Anthony     | Cabrio      | Shipping Clerk                  | Shipping         |
| Kelly       | Chung       | Shipping Clerk                  | Shipping         |
| Jennifer    | Dilly       | Shipping Clerk                  | Shipping         |
| Timothy     | Gates       | Shipping Clerk                  | Shipping         |
| Randall     | Perkins     | Shipping Clerk                  | Shipping         |
| Sarah       | Bell        | Shipping Clerk                  | Shipping         |
| Britney     | Everett     | Shipping Clerk                  | Shipping         |
| Samuel      | McCain      | Shipping Clerk                  | Shipping         |
| Vance       | Jones       | Shipping Clerk                  | Shipping         |
| Alana       | Walsh       | Shipping Clerk                  | Shipping         |
| Kevin       | Feeney      | Shipping Clerk                  | Shipping         |
| Donald      | OConnell    | Shipping Clerk                  | Shipping         |
| Douglas     | Grant       | Shipping Clerk                  | Shipping         |
| Julia       | Nayer       | Stock Clerk                     | Shipping         |
| Irene       | Mikkilineni | Stock Clerk                     | Shipping         |
| James       | Landry      | Stock Clerk                     | Shipping         |
| Steven      | Markle      | Stock Clerk                     | Shipping         |
| Laura       | Bissot      | Stock Clerk                     | Shipping         |
| Mozhe       | Atkinson    | Stock Clerk                     | Shipping         |
| James       | Marlow      | Stock Clerk                     | Shipping         |
| TJ          | Olson       | Stock Clerk                     | Shipping         |
| Jason       | Mallin      | Stock Clerk                     | Shipping         |
| Michael     | Rogers      | Stock Clerk                     | Shipping         |
| Ki          | Gee         | Stock Clerk                     | Shipping         |
| Hazel       | Philtanker  | Stock Clerk                     | Shipping         |
| Renske      | Ladwig      | Stock Clerk                     | Shipping         |
| Stephen     | Stiles      | Stock Clerk                     | Shipping         |
| John        | Seo         | Stock Clerk                     | Shipping         |
| Joshua      | Patel       | Stock Clerk                     | Shipping         |
| Trenna      | Rajs        | Stock Clerk                     | Shipping         |
| Curtis      | Davies      | Stock Clerk                     | Shipping         |
| Randall     | Matos       | Stock Clerk                     | Shipping         |
| Peter       | Vargas      | Stock Clerk                     | Shipping         |
| Matthew     | Weiss       | Stock Manager                   | Shipping         |
| Adam        | Fripp       | Stock Manager                   | Shipping         |
| Payam       | Kaufling    | Stock Manager                   | Shipping         |
| Shanta      | Vollman     | Stock Manager                   | Shipping         |
| Kevin       | Mourgos     | Stock Manager                   | Shipping         |
+-------------+-------------+---------------------------------+------------------+
106 rows in set (0.0013 sec)
 

LEFT JOIN------------------------------------------------------------------------------------------------------------------------------------------------------------------------ 

 MySQL  localhost:3306 ssl  comp2  SQL > select a.department_name, c.first_name, c.last_name from departments a left join employees b on a.department_id = b.department_id left join employees c on b.employee_id = c.manager_id limit 200;
+----------------------+-------------+-------------+
| department_name      | first_name  | last_name   |
+----------------------+-------------+-------------+
| Administration       | NULL        | NULL        |
| Marketing            | Pat         | Fay         |
| Marketing            | NULL        | NULL        |
| Purchasing           | Alexander   | Khoo        |
| Purchasing           | Shelli      | Baida       |
| Purchasing           | Sigal       | Tobias      |
| Purchasing           | Guy         | Himuro      |
| Purchasing           | Karen       | Colmenares  |
| Purchasing           | NULL        | NULL        |
| Purchasing           | NULL        | NULL        |
| Purchasing           | NULL        | NULL        |
| Purchasing           | NULL        | NULL        |
| Purchasing           | NULL        | NULL        |
| Human Resources      | NULL        | NULL        |
| Shipping             | Julia       | Nayer       |
| Shipping             | Irene       | Mikkilineni |
| Shipping             | James       | Landry      |
| Shipping             | Steven      | Markle      |
| Shipping             | Winston     | Taylor      |
| Shipping             | Jean        | Fleaur      |
| Shipping             | Martha      | Sullivan    |
| Shipping             | Girard      | Geoni       |
| Shipping             | Laura       | Bissot      |
| Shipping             | Mozhe       | Atkinson    |
| Shipping             | James       | Marlow      |
| Shipping             | TJ          | Olson       |
| Shipping             | Nandita     | Sarchand    |
| Shipping             | Alexis      | Bull        |
| Shipping             | Julia       | Dellinger   |
| Shipping             | Anthony     | Cabrio      |
| Shipping             | Jason       | Mallin      |
| Shipping             | Michael     | Rogers      |
| Shipping             | Ki          | Gee         |
| Shipping             | Hazel       | Philtanker  |
| Shipping             | Kelly       | Chung       |
| Shipping             | Jennifer    | Dilly       |
| Shipping             | Timothy     | Gates       |
| Shipping             | Randall     | Perkins     |
| Shipping             | Renske      | Ladwig      |
| Shipping             | Stephen     | Stiles      |
| Shipping             | John        | Seo         |
| Shipping             | Joshua      | Patel       |
| Shipping             | Sarah       | Bell        |
| Shipping             | Britney     | Everett     |
| Shipping             | Samuel      | McCain      |
| Shipping             | Vance       | Jones       |
| Shipping             | Trenna      | Rajs        |
| Shipping             | Curtis      | Davies      |
| Shipping             | Randall     | Matos       |
| Shipping             | Peter       | Vargas      |
| Shipping             | Alana       | Walsh       |
| Shipping             | Kevin       | Feeney      |
| Shipping             | Donald      | OConnell    |
| Shipping             | Douglas     | Grant       |
| Shipping             | NULL        | NULL        |
| Shipping             | NULL        | NULL        |
| Shipping             | NULL        | NULL        |
| Shipping             | NULL        | NULL        |
| Shipping             | NULL        | NULL        |
| Shipping             | NULL        | NULL        |
| Shipping             | NULL        | NULL        |
| Shipping             | NULL        | NULL        |
| Shipping             | NULL        | NULL        |
| Shipping             | NULL        | NULL        |
| Shipping             | NULL        | NULL        |
| Shipping             | NULL        | NULL        |
| Shipping             | NULL        | NULL        |
| Shipping             | NULL        | NULL        |
| Shipping             | NULL        | NULL        |
| Shipping             | NULL        | NULL        |
| Shipping             | NULL        | NULL        |
| Shipping             | NULL        | NULL        |
| Shipping             | NULL        | NULL        |
| Shipping             | NULL        | NULL        |
| Shipping             | NULL        | NULL        |
| Shipping             | NULL        | NULL        |
| Shipping             | NULL        | NULL        |
| Shipping             | NULL        | NULL        |
| Shipping             | NULL        | NULL        |
| Shipping             | NULL        | NULL        |
| Shipping             | NULL        | NULL        |
| Shipping             | NULL        | NULL        |
| Shipping             | NULL        | NULL        |
| Shipping             | NULL        | NULL        |
| Shipping             | NULL        | NULL        |
| Shipping             | NULL        | NULL        |
| Shipping             | NULL        | NULL        |
| Shipping             | NULL        | NULL        |
| Shipping             | NULL        | NULL        |
| Shipping             | NULL        | NULL        |
| Shipping             | NULL        | NULL        |
| Shipping             | NULL        | NULL        |
| Shipping             | NULL        | NULL        |
| Shipping             | NULL        | NULL        |
| IT                   | Bruce       | Ernst       |
| IT                   | David       | Austin      |
| IT                   | Valli       | Pataballa   |
| IT                   | Diana       | Lorentz     |
| IT                   | NULL        | NULL        |
| IT                   | NULL        | NULL        |
| IT                   | NULL        | NULL        |
| IT                   | NULL        | NULL        |
| Public Relations     | NULL        | NULL        |
| Sales                | Peter       | Tucker      |
| Sales                | David       | Bernstein   |
| Sales                | Peter       | Hall        |
| Sales                | Christopher | Olsen       |
| Sales                | Nanette     | Cambrault   |
| Sales                | Oliver      | Tuvault     |
| Sales                | Janette     | King        |
| Sales                | Patrick     | Sully       |
| Sales                | Allan       | McEwen      |
| Sales                | Lindsey     | Smith       |
| Sales                | Louise      | Doran       |
| Sales                | Sarath      | Sewall      |
| Sales                | Clara       | Vishney     |
| Sales                | Danielle    | Greene      |
| Sales                | Mattea      | Marvins     |
| Sales                | David       | Lee         |
| Sales                | Sundar      | Ande        |
| Sales                | Amit        | Banda       |
| Sales                | Lisa        | Ozer        |
| Sales                | Harrison    | Bloom       |
| Sales                | Tayler      | Fox         |
| Sales                | William     | Smith       |
| Sales                | Elizabeth   | Bates       |
| Sales                | Sundita     | Kumar       |
| Sales                | Ellen       | Abel        |
| Sales                | Alyssa      | Hutton      |
| Sales                | Jonathon    | Taylor      |
| Sales                | Jack        | Livingston  |
| Sales                | Kimberely   | Grant       |
| Sales                | Charles     | Johnson     |
| Sales                | NULL        | NULL        |
| Sales                | NULL        | NULL        |
| Sales                | NULL        | NULL        |
| Sales                | NULL        | NULL        |
| Sales                | NULL        | NULL        |
| Sales                | NULL        | NULL        |
| Sales                | NULL        | NULL        |
| Sales                | NULL        | NULL        |
| Sales                | NULL        | NULL        |
| Sales                | NULL        | NULL        |
| Sales                | NULL        | NULL        |
| Sales                | NULL        | NULL        |
| Sales                | NULL        | NULL        |
| Sales                | NULL        | NULL        |
| Sales                | NULL        | NULL        |
| Sales                | NULL        | NULL        |
| Sales                | NULL        | NULL        |
| Sales                | NULL        | NULL        |
| Sales                | NULL        | NULL        |
| Sales                | NULL        | NULL        |
| Sales                | NULL        | NULL        |
| Sales                | NULL        | NULL        |
| Sales                | NULL        | NULL        |
| Sales                | NULL        | NULL        |
| Sales                | NULL        | NULL        |
| Sales                | NULL        | NULL        |
| Sales                | NULL        | NULL        |
| Sales                | NULL        | NULL        |
| Sales                | NULL        | NULL        |
| Executive            | Neena       | Kochhar     |
| Executive            | Lex         | De Haan     |
| Executive            | Den         | Raphaely    |
| Executive            | Matthew     | Weiss       |
| Executive            | Adam        | Fripp       |
| Executive            | Payam       | Kaufling    |
| Executive            | Shanta      | Vollman     |
| Executive            | Kevin       | Mourgos     |
| Executive            | John        | Russell     |
| Executive            | Karen       | Partners    |
| Executive            | Alberto     | Errazuriz   |
| Executive            | Gerald      | Cambrault   |
| Executive            | Eleni       | Zlotkey     |
| Executive            | Michael     | Hartstein   |
| Executive            | Nancy       | Greenberg   |
| Executive            | Jennifer    | Whalen      |
| Executive            | Susan       | Mavris      |
| Executive            | Hermann     | Baer        |
| Executive            | Shelley     | Higgins     |
| Executive            | Alexander   | Hunold      |
| Finance              | Daniel      | Faviet      |
| Finance              | John        | Chen        |
| Finance              | Ismael      | Sciarra     |
| Finance              | Jose Manuel | Urman       |
| Finance              | Luis        | Popp        |
| Finance              | NULL        | NULL        |
| Finance              | NULL        | NULL        |
| Finance              | NULL        | NULL        |
| Finance              | NULL        | NULL        |
| Finance              | NULL        | NULL        |
| Accounting           | William     | Gietz       |
| Accounting           | NULL        | NULL        |
| Treasury             | NULL        | NULL        |
| Corporate Tax        | NULL        | NULL        |
| Control And Credit   | NULL        | NULL        |
| Shareholder Services | NULL        | NULL        |
| Benefits             | NULL        | NULL        |
| Manufacturing        | NULL        | NULL        |
+----------------------+-------------+-------------+
200 rows in set (0.0009 sec)
 MySQL  localhost:3306 ssl  comp2  SQL > select a.employee_id, a.first_name, a.last_name, b.department_name from employees a left join departments b on a.department_id = b.department_id limit 200;
+-------------+-------------+-------------+------------------+
| employee_id | first_name  | last_name   | department_name  |
+-------------+-------------+-------------+------------------+
|         100 | Steven      | King        | Executive        |
|         101 | Neena       | Kochhar     | Executive        |
|         102 | Lex         | De Haan     | Executive        |
|         103 | Alexander   | Hunold      | IT               |
|         104 | Bruce       | Ernst       | IT               |
|         105 | David       | Austin      | IT               |
|         106 | Valli       | Pataballa   | IT               |
|         107 | Diana       | Lorentz     | IT               |
|         108 | Nancy       | Greenberg   | Finance          |
|         109 | Daniel      | Faviet      | Finance          |
|         110 | John        | Chen        | Finance          |
|         111 | Ismael      | Sciarra     | Finance          |
|         112 | Jose Manuel | Urman       | Finance          |
|         113 | Luis        | Popp        | Finance          |
|         114 | Den         | Raphaely    | Purchasing       |
|         115 | Alexander   | Khoo        | Purchasing       |
|         116 | Shelli      | Baida       | Purchasing       |
|         117 | Sigal       | Tobias      | Purchasing       |
|         118 | Guy         | Himuro      | Purchasing       |
|         119 | Karen       | Colmenares  | Purchasing       |
|         120 | Matthew     | Weiss       | Shipping         |
|         121 | Adam        | Fripp       | Shipping         |
|         122 | Payam       | Kaufling    | Shipping         |
|         123 | Shanta      | Vollman     | Shipping         |
|         124 | Kevin       | Mourgos     | Shipping         |
|         125 | Julia       | Nayer       | Shipping         |
|         126 | Irene       | Mikkilineni | Shipping         |
|         127 | James       | Landry      | Shipping         |
|         128 | Steven      | Markle      | Shipping         |
|         129 | Laura       | Bissot      | Shipping         |
|         130 | Mozhe       | Atkinson    | Shipping         |
|         131 | James       | Marlow      | Shipping         |
|         132 | TJ          | Olson       | Shipping         |
|         133 | Jason       | Mallin      | Shipping         |
|         134 | Michael     | Rogers      | Shipping         |
|         135 | Ki          | Gee         | Shipping         |
|         136 | Hazel       | Philtanker  | Shipping         |
|         137 | Renske      | Ladwig      | Shipping         |
|         138 | Stephen     | Stiles      | Shipping         |
|         139 | John        | Seo         | Shipping         |
|         140 | Joshua      | Patel       | Shipping         |
|         141 | Trenna      | Rajs        | Shipping         |
|         142 | Curtis      | Davies      | Shipping         |
|         143 | Randall     | Matos       | Shipping         |
|         144 | Peter       | Vargas      | Shipping         |
|         145 | John        | Russell     | Sales            |
|         146 | Karen       | Partners    | Sales            |
|         147 | Alberto     | Errazuriz   | Sales            |
|         148 | Gerald      | Cambrault   | Sales            |
|         149 | Eleni       | Zlotkey     | Sales            |
|         150 | Peter       | Tucker      | Sales            |
|         151 | David       | Bernstein   | Sales            |
|         152 | Peter       | Hall        | Sales            |
|         153 | Christopher | Olsen       | Sales            |
|         154 | Nanette     | Cambrault   | Sales            |
|         155 | Oliver      | Tuvault     | Sales            |
|         156 | Janette     | King        | Sales            |
|         157 | Patrick     | Sully       | Sales            |
|         158 | Allan       | McEwen      | Sales            |
|         159 | Lindsey     | Smith       | Sales            |
|         160 | Louise      | Doran       | Sales            |
|         161 | Sarath      | Sewall      | Sales            |
|         162 | Clara       | Vishney     | Sales            |
|         163 | Danielle    | Greene      | Sales            |
|         164 | Mattea      | Marvins     | Sales            |
|         165 | David       | Lee         | Sales            |
|         166 | Sundar      | Ande        | Sales            |
|         167 | Amit        | Banda       | Sales            |
|         168 | Lisa        | Ozer        | Sales            |
|         169 | Harrison    | Bloom       | Sales            |
|         170 | Tayler      | Fox         | Sales            |
|         171 | William     | Smith       | Sales            |
|         172 | Elizabeth   | Bates       | Sales            |
|         173 | Sundita     | Kumar       | Sales            |
|         174 | Ellen       | Abel        | Sales            |
|         175 | Alyssa      | Hutton      | Sales            |
|         176 | Jonathon    | Taylor      | Sales            |
|         177 | Jack        | Livingston  | Sales            |
|         178 | Kimberely   | Grant       | NULL             |
|         179 | Charles     | Johnson     | Sales            |
|         180 | Winston     | Taylor      | Shipping         |
|         181 | Jean        | Fleaur      | Shipping         |
|         182 | Martha      | Sullivan    | Shipping         |
|         183 | Girard      | Geoni       | Shipping         |
|         184 | Nandita     | Sarchand    | Shipping         |
|         185 | Alexis      | Bull        | Shipping         |
|         186 | Julia       | Dellinger   | Shipping         |
|         187 | Anthony     | Cabrio      | Shipping         |
|         188 | Kelly       | Chung       | Shipping         |
|         189 | Jennifer    | Dilly       | Shipping         |
|         190 | Timothy     | Gates       | Shipping         |
|         191 | Randall     | Perkins     | Shipping         |
|         192 | Sarah       | Bell        | Shipping         |
|         193 | Britney     | Everett     | Shipping         |
|         194 | Samuel      | McCain      | Shipping         |
|         195 | Vance       | Jones       | Shipping         |
|         196 | Alana       | Walsh       | Shipping         |
|         197 | Kevin       | Feeney      | Shipping         |
|         198 | Donald      | OConnell    | Shipping         |
|         199 | Douglas     | Grant       | Shipping         |
|         200 | Jennifer    | Whalen      | Administration   |
|         201 | Michael     | Hartstein   | Marketing        |
|         202 | Pat         | Fay         | Marketing        |
|         203 | Susan       | Mavris      | Human Resources  |
|         204 | Hermann     | Baer        | Public Relations |
|         205 | Shelley     | Higgins     | Accounting       |
|         206 | William     | Gietz       | Accounting       |
+-------------+-------------+-------------+------------------+
107 rows in set (0.0006 sec)

RIGHT JOIN------------------------------------------------------------------------------------------------------------------------------------------------------------------------ 

 MySQL  localhost:3306 ssl  comp2  SQL > select a.department_name, b.street_address, b.city, b.state_province, c.country_name from departments a right join locations b on a.location_id = b.location_id right join countries c on b.country_id = c.country_id limit 200;
+----------------------+---------------------------+---------------------+------------------+--------------------------+
| department_name      | street_address            | city                | state_province   | country_name             |
+----------------------+---------------------------+---------------------+------------------+--------------------------+
| NULL                 | NULL                      | NULL                | NULL             | Argentina                |
| NULL                 | 12-98 Victoria Street     | Sydney              | New South Wales  | Australia                |
| NULL                 | NULL                      | NULL                | NULL             | Belgium                  |
| NULL                 | Rua Frei Caneca 1360      | Sao Paulo           | Sao Paulo        | Brazil                   |
| Marketing            | 147 Spadina Ave           | Toronto             | Ontario          | Canada                   |
| NULL                 | 6092 Boxwood St           | Whitehorse          | Yukon            | Canada                   |
| NULL                 | 20 Rue des Corps-Saints   | Geneva              | Geneve           | Switzerland              |
| NULL                 | Murtenstrasse 921         | Bern                | BE               | Switzerland              |
| NULL                 | 40-5-12 Laogianggen       | Beijing             |                  | China                    |
| Public Relations     | Schwanthalerstr. 7031     | Munich              | Bavaria          | Germany                  |
| NULL                 | NULL                      | NULL                | NULL             | Denmark                  |
| NULL                 | NULL                      | NULL                | NULL             | Egypt                    |
| NULL                 | NULL                      | NULL                | NULL             | France                   |
| NULL                 | NULL                      | NULL                | NULL             | HongKong                 |
| NULL                 | NULL                      | NULL                | NULL             | Israel                   |
| NULL                 | 1298 Vileparle (E)        | Bombay              | Maharashtra      | India                    |
| NULL                 | 1297 Via Cola di Rie      | Roma                |                  | Italy                    |
| NULL                 | 93091 Calle della Testa   | Venice              |                  | Italy                    |
| NULL                 | 2017 Shinjuku-ku          | Tokyo               | Tokyo Prefecture | Japan                    |
| NULL                 | 9450 Kamiya-cho           | Hiroshima           |                  | Japan                    |
| NULL                 | NULL                      | NULL                | NULL             | Kuwait                   |
| NULL                 | NULL                      | NULL                | NULL             | Mexico                   |
| NULL                 | NULL                      | NULL                | NULL             | Nigeria                  |
| NULL                 | Pieter Breughelstraat 837 | Utrecht             | Utrecht          | Netherlands              |
| NULL                 | 198 Clementi North        | Singapore           |                  | Singapore                |
| Human Resources      | 8204 Arthur St            | London              |                  | United Kingdom           |
| NULL                 | 9702 Chester Road         | Stretford           | Manchester       | United Kingdom           |
| IT                   | 2014 Jabberwocky Rd       | Southlake           | Texas            | United States of America |
| Shipping             | 2011 Interiors Blvd       | South San Francisco | California       | United States of America |
| NULL                 | 2007 Zagora St            | South Brunswick     | New Jersey       | United States of America |
| Administration       | 2004 Charade Rd           | Seattle             | Washington       | United States of America |
| Purchasing           | 2004 Charade Rd           | Seattle             | Washington       | United States of America |
| Executive            | 2004 Charade Rd           | Seattle             | Washington       | United States of America |
| Finance              | 2004 Charade Rd           | Seattle             | Washington       | United States of America |
| Accounting           | 2004 Charade Rd           | Seattle             | Washington       | United States of America |
| Treasury             | 2004 Charade Rd           | Seattle             | Washington       | United States of America |
| Corporate Tax        | 2004 Charade Rd           | Seattle             | Washington       | United States of America |
| Control And Credit   | 2004 Charade Rd           | Seattle             | Washington       | United States of America |
| Shareholder Services | 2004 Charade Rd           | Seattle             | Washington       | United States of America |
| Benefits             | 2004 Charade Rd           | Seattle             | Washington       | United States of America |
| Manufacturing        | 2004 Charade Rd           | Seattle             | Washington       | United States of America |
| Construction         | 2004 Charade Rd           | Seattle             | Washington       | United States of America |
| Contracting          | 2004 Charade Rd           | Seattle             | Washington       | United States of America |
| Operations           | 2004 Charade Rd           | Seattle             | Washington       | United States of America |
| IT Support           | 2004 Charade Rd           | Seattle             | Washington       | United States of America |
| NOC                  | 2004 Charade Rd           | Seattle             | Washington       | United States of America |
| IT Helpdesk          | 2004 Charade Rd           | Seattle             | Washington       | United States of America |
| Government Sales     | 2004 Charade Rd           | Seattle             | Washington       | United States of America |
| Retail Sales         | 2004 Charade Rd           | Seattle             | Washington       | United States of America |
| Recruiting           | 2004 Charade Rd           | Seattle             | Washington       | United States of America |
| Payroll              | 2004 Charade Rd           | Seattle             | Washington       | United States of America |
| NULL                 | NULL                      | NULL                | NULL             | Zambia                   |
| NULL                 | NULL                      | NULL                | NULL             | Zimbabwe                 |
+----------------------+---------------------------+---------------------+------------------+--------------------------+
53 rows in set (0.0018 sec)

RESPONDER------------------------------------------------------------------------------------------------------------------------------------------------------------------------ 

Microsoft Windows [Versión 10.0.19045.2788]
(c) Microsoft Corporation. Todos los derechos reservados.

C:\Users\Jesus Arellano>"C:\Program Files\MySQL\MySQL Shell 8.0\bin\mysqlsh.exe"
MySQL Shell 8.0.32

Copyright (c) 2016, 2023, Oracle and/or its affiliates.
Oracle is a registered trademark of Oracle Corporation and/or its affiliates.
Other names may be trademarks of their respective owners.

Type '\help' or '\?' for help; '\quit' to exit.
 MySQL  JS > \sql
Switching to SQL mode... Commands end with ;
 MySQL  SQL > \connect
\connect [--mx|--mysqlx|--mc|--mysql] [--ssh <sshuri>] <URI>
 MySQL  SQL > \connect --mc usuario root@localhost
Creating a Classic session to 'root@localhost'
Please provide the password for 'root@localhost': ****
Save password for 'root@localhost'? [Y]es/[N]o/Ne[v]er (default No): n
Fetching global names for auto-completion... Press ^C to stop.
Your MySQL connection id is 8
Server version: 8.0.32 MySQL Community Server - GPL
No default schema selected; type \use <schema> to set one.
 MySQL  localhost:3306 ssl  SQL > show databases;
+--------------------+
| Database           |
+--------------------+
| agencia            |
| comp2              |
| company            |
| eva_2              |
| evaluacion_1       |
| human_resources    |
| information_schema |
| mysql              |
| performance_schema |
| sakila             |
| sys                |
| world              |
+--------------------+
12 rows in set (0.0018 sec)
 MySQL  localhost:3306 ssl  SQL > use comp2;
Default schema set to `comp2`.
Fetching global names, object names from `comp2` for auto-completion... Press ^C to stop.
 MySQL  localhost:3306 ssl  comp2  SQL > show tables;
+-----------------+
| Tables_in_comp2 |
+-----------------+
| countries       |
| departments     |
| employees       |
| job_history     |
| jobs            |
| locations       |
| regions         |
+-----------------+
7 rows in set (0.0013 sec)
 MySQL  localhost:3306 ssl  comp2  SQL > desc locations;
+----------------+--------------+------+-----+---------+-------+
| Field          | Type         | Null | Key | Default | Extra |
+----------------+--------------+------+-----+---------+-------+
| LOCATION_ID    | decimal(4,0) | NO   | PRI | 0       |       |
| STREET_ADDRESS | varchar(40)  | YES  |     | NULL    |       |
| POSTAL_CODE    | varchar(12)  | YES  |     | NULL    |       |
| CITY           | varchar(30)  | NO   | MUL | NULL    |       |
| STATE_PROVINCE | varchar(25)  | YES  | MUL | NULL    |       |
| COUNTRY_ID     | varchar(2)   | YES  | MUL | NULL    |       |
+----------------+--------------+------+-----+---------+-------+
6 rows in set (0.0088 sec)
 MySQL  localhost:3306 ssl  comp2  SQL > desc employee;
ERROR: 1146 (42S02): Table 'comp2.employee' doesn't exist
 MySQL  localhost:3306 ssl  comp2  SQL > desc employees;
+----------------+--------------+------+-----+---------+-------+
| Field          | Type         | Null | Key | Default | Extra |
+----------------+--------------+------+-----+---------+-------+
| EMPLOYEE_ID    | decimal(6,0) | NO   | PRI | 0       |       |
| FIRST_NAME     | varchar(20)  | YES  |     | NULL    |       |
| LAST_NAME      | varchar(25)  | NO   | MUL | NULL    |       |
| EMAIL          | varchar(25)  | NO   | UNI | NULL    |       |
| PHONE_NUMBER   | varchar(20)  | YES  |     | NULL    |       |
| HIRE_DATE      | date         | NO   |     | NULL    |       |
| JOB_ID         | varchar(10)  | NO   | MUL | NULL    |       |
| SALARY         | decimal(8,2) | YES  |     | NULL    |       |
| COMMISSION_PCT | decimal(2,2) | YES  |     | NULL    |       |
| MANAGER_ID     | decimal(6,0) | YES  | MUL | NULL    |       |
| DEPARTMENT_ID  | decimal(4,0) | YES  | MUL | NULL    |       |
+----------------+--------------+------+-----+---------+-------+
11 rows in set (0.0019 sec)
 MySQL  localhost:3306 ssl  comp2  SQL > desc departments;
+-----------------+--------------+------+-----+---------+-------+
| Field           | Type         | Null | Key | Default | Extra |
+-----------------+--------------+------+-----+---------+-------+
| DEPARTMENT_ID   | decimal(4,0) | NO   | PRI | 0       |       |
| DEPARTMENT_NAME | varchar(30)  | NO   |     | NULL    |       |
| MANAGER_ID      | decimal(6,0) | YES  | MUL | NULL    |       |
| LOCATION_ID     | decimal(4,0) | YES  | MUL | NULL    |       |
+-----------------+--------------+------+-----+---------+-------+
4 rows in set (0.0017 sec)
 MySQL  localhost:3306 ssl  comp2  SQL > select a.city, b.department_name from locations a left join departments b on a.location_id = b.location_id where a.city is null;
Empty set (0.0148 sec)
 MySQL  localhost:3306 ssl  comp2  SQL > select a.city, b.department_name from locations a right join departments b on a.location_id = b.location_id where a.city is null;
Empty set (0.0228 sec)
 MySQL  localhost:3306 ssl  comp2  SQL > select a.city, b.department_name from locations a right join departments b on a.location_id = b.location_id where a.city is not null;
+---------------------+----------------------+
| city                | department_name      |
+---------------------+----------------------+
| Seattle             | Administration       |
| Toronto             | Marketing            |
| Seattle             | Purchasing           |
| London              | Human Resources      |
| South San Francisco | Shipping             |
| Southlake           | IT                   |
| Munich              | Public Relations     |
| OX9 9ZB             | Sales                |
| Seattle             | Executive            |
| Seattle             | Finance              |
| Seattle             | Accounting           |
| Seattle             | Treasury             |
| Seattle             | Corporate Tax        |
| Seattle             | Control And Credit   |
| Seattle             | Shareholder Services |
| Seattle             | Benefits             |
| Seattle             | Manufacturing        |
| Seattle             | Construction         |
| Seattle             | Contracting          |
| Seattle             | Operations           |
| Seattle             | IT Support           |
| Seattle             | NOC                  |
| Seattle             | IT Helpdesk          |
| Seattle             | Government Sales     |
| Seattle             | Retail Sales         |
| Seattle             | Recruiting           |
| Seattle             | Payroll              |
+---------------------+----------------------+
27 rows in set (0.0005 sec)
 MySQL  localhost:3306 ssl  comp2  SQL > select a.city, b.department_name from locations a right join departments b on a.location_id = b.location_id where b.department is not null;
ERROR: 1054 (42S22): Unknown column 'b.department' in 'where clause'
 MySQL  localhost:3306 ssl  comp2  SQL > select a.city, b.department_name from locations a right join departments b on a.location_id = b.location_id where b.department_name  is not null;
+---------------------+----------------------+
| city                | department_name      |
+---------------------+----------------------+
| Seattle             | Administration       |
| Toronto             | Marketing            |
| Seattle             | Purchasing           |
| London              | Human Resources      |
| South San Francisco | Shipping             |
| Southlake           | IT                   |
| Munich              | Public Relations     |
| OX9 9ZB             | Sales                |
| Seattle             | Executive            |
| Seattle             | Finance              |
| Seattle             | Accounting           |
| Seattle             | Treasury             |
| Seattle             | Corporate Tax        |
| Seattle             | Control And Credit   |
| Seattle             | Shareholder Services |
| Seattle             | Benefits             |
| Seattle             | Manufacturing        |
| Seattle             | Construction         |
| Seattle             | Contracting          |
| Seattle             | Operations           |
| Seattle             | IT Support           |
| Seattle             | NOC                  |
| Seattle             | IT Helpdesk          |
| Seattle             | Government Sales     |
| Seattle             | Retail Sales         |
| Seattle             | Recruiting           |
| Seattle             | Payroll              |
+---------------------+----------------------+
27 rows in set (0.0005 sec)
 MySQL  localhost:3306 ssl  comp2  SQL > select a.city, b.department_name from locations a right join departments b on a.location_id = b.location_id where b.department_name  is null;
Empty set (0.0004 sec)
 MySQL  localhost:3306 ssl  comp2  SQL > select a.first_name, a.last_name, c.first_name, c.last_name from employees a right join employees b on a.employee_id = b.employee_id inner join employees c on b.employee_id = c.manager_id where c.first_name is null;
Empty set (0.0195 sec)
 MySQL  localhost:3306 ssl  comp2  SQL > select a.first_name, a.last_name, c.first_name, c.last_name from employees a right join employees b on a.employee_id = b.employee_id inner join employees c on b.employee_id = c.manager_id where c.first_name is not null;
+------------+-----------+-------------+-------------+
| first_name | last_name | first_name  | last_name   |
+------------+-----------+-------------+-------------+
| Steven     | King      | Neena       | Kochhar     |
| Steven     | King      | Lex         | De Haan     |
| Lex        | De Haan   | Alexander   | Hunold      |
| Alexander  | Hunold    | Bruce       | Ernst       |
| Alexander  | Hunold    | David       | Austin      |
| Alexander  | Hunold    | Valli       | Pataballa   |
| Alexander  | Hunold    | Diana       | Lorentz     |
| Neena      | Kochhar   | Nancy       | Greenberg   |
| Nancy      | Greenberg | Daniel      | Faviet      |
| Nancy      | Greenberg | John        | Chen        |
| Nancy      | Greenberg | Ismael      | Sciarra     |
| Nancy      | Greenberg | Jose Manuel | Urman       |
| Nancy      | Greenberg | Luis        | Popp        |
| Steven     | King      | Den         | Raphaely    |
| Den        | Raphaely  | Alexander   | Khoo        |
| Den        | Raphaely  | Shelli      | Baida       |
| Den        | Raphaely  | Sigal       | Tobias      |
| Den        | Raphaely  | Guy         | Himuro      |
| Den        | Raphaely  | Karen       | Colmenares  |
| Steven     | King      | Matthew     | Weiss       |
| Steven     | King      | Adam        | Fripp       |
| Steven     | King      | Payam       | Kaufling    |
| Steven     | King      | Shanta      | Vollman     |
| Steven     | King      | Kevin       | Mourgos     |
| Matthew    | Weiss     | Julia       | Nayer       |
| Matthew    | Weiss     | Irene       | Mikkilineni |
| Matthew    | Weiss     | James       | Landry      |
| Matthew    | Weiss     | Steven      | Markle      |
| Adam       | Fripp     | Laura       | Bissot      |
| Adam       | Fripp     | Mozhe       | Atkinson    |
| Adam       | Fripp     | James       | Marlow      |
| Adam       | Fripp     | TJ          | Olson       |
| Payam      | Kaufling  | Jason       | Mallin      |
| Payam      | Kaufling  | Michael     | Rogers      |
| Payam      | Kaufling  | Ki          | Gee         |
| Payam      | Kaufling  | Hazel       | Philtanker  |
| Shanta     | Vollman   | Renske      | Ladwig      |
| Shanta     | Vollman   | Stephen     | Stiles      |
| Shanta     | Vollman   | John        | Seo         |
| Shanta     | Vollman   | Joshua      | Patel       |
| Kevin      | Mourgos   | Trenna      | Rajs        |
| Kevin      | Mourgos   | Curtis      | Davies      |
| Kevin      | Mourgos   | Randall     | Matos       |
| Kevin      | Mourgos   | Peter       | Vargas      |
| Steven     | King      | John        | Russell     |
| Steven     | King      | Karen       | Partners    |
| Steven     | King      | Alberto     | Errazuriz   |
| Steven     | King      | Gerald      | Cambrault   |
| Steven     | King      | Eleni       | Zlotkey     |
| John       | Russell   | Peter       | Tucker      |
| John       | Russell   | David       | Bernstein   |
| John       | Russell   | Peter       | Hall        |
| John       | Russell   | Christopher | Olsen       |
| John       | Russell   | Nanette     | Cambrault   |
| John       | Russell   | Oliver      | Tuvault     |
| Karen      | Partners  | Janette     | King        |
| Karen      | Partners  | Patrick     | Sully       |
| Karen      | Partners  | Allan       | McEwen      |
| Karen      | Partners  | Lindsey     | Smith       |
| Karen      | Partners  | Louise      | Doran       |
| Karen      | Partners  | Sarath      | Sewall      |
| Alberto    | Errazuriz | Clara       | Vishney     |
| Alberto    | Errazuriz | Danielle    | Greene      |
| Alberto    | Errazuriz | Mattea      | Marvins     |
| Alberto    | Errazuriz | David       | Lee         |
| Alberto    | Errazuriz | Sundar      | Ande        |
| Alberto    | Errazuriz | Amit        | Banda       |
| Gerald     | Cambrault | Lisa        | Ozer        |
| Gerald     | Cambrault | Harrison    | Bloom       |
| Gerald     | Cambrault | Tayler      | Fox         |
| Gerald     | Cambrault | William     | Smith       |
| Gerald     | Cambrault | Elizabeth   | Bates       |
| Gerald     | Cambrault | Sundita     | Kumar       |
| Eleni      | Zlotkey   | Ellen       | Abel        |
| Eleni      | Zlotkey   | Alyssa      | Hutton      |
| Eleni      | Zlotkey   | Jonathon    | Taylor      |
| Eleni      | Zlotkey   | Jack        | Livingston  |
| Eleni      | Zlotkey   | Kimberely   | Grant       |
| Eleni      | Zlotkey   | Charles     | Johnson     |
| Matthew    | Weiss     | Winston     | Taylor      |
| Matthew    | Weiss     | Jean        | Fleaur      |
| Matthew    | Weiss     | Martha      | Sullivan    |
| Matthew    | Weiss     | Girard      | Geoni       |
| Adam       | Fripp     | Nandita     | Sarchand    |
| Adam       | Fripp     | Alexis      | Bull        |
| Adam       | Fripp     | Julia       | Dellinger   |
| Adam       | Fripp     | Anthony     | Cabrio      |
| Payam      | Kaufling  | Kelly       | Chung       |
| Payam      | Kaufling  | Jennifer    | Dilly       |
| Payam      | Kaufling  | Timothy     | Gates       |
| Payam      | Kaufling  | Randall     | Perkins     |
| Shanta     | Vollman   | Sarah       | Bell        |
| Shanta     | Vollman   | Britney     | Everett     |
| Shanta     | Vollman   | Samuel      | McCain      |
| Shanta     | Vollman   | Vance       | Jones       |
| Kevin      | Mourgos   | Alana       | Walsh       |
| Kevin      | Mourgos   | Kevin       | Feeney      |
| Kevin      | Mourgos   | Donald      | OConnell    |
| Kevin      | Mourgos   | Douglas     | Grant       |
| Neena      | Kochhar   | Jennifer    | Whalen      |
| Steven     | King      | Michael     | Hartstein   |
| Michael    | Hartstein | Pat         | Fay         |
| Neena      | Kochhar   | Susan       | Mavris      |
| Neena      | Kochhar   | Hermann     | Baer        |
| Neena      | Kochhar   | Shelley     | Higgins     |
| Shelley    | Higgins   | William     | Gietz       |
+------------+-----------+-------------+-------------+
106 rows in set (0.0008 sec)
 MySQL  localhost:3306 ssl  comp2  SQL > select a.first_name, a.last_name, c.first_name, c.last_name from employees a right join employees b on a.employee_id = b.employee_id right join employees c on b.employee_id = c.manager_id where c.first_name is not null;
+------------+-----------+-------------+-------------+
| first_name | last_name | first_name  | last_name   |
+------------+-----------+-------------+-------------+
| NULL       | NULL      | Steven      | King        |
| Steven     | King      | Neena       | Kochhar     |
| Steven     | King      | Lex         | De Haan     |
| Lex        | De Haan   | Alexander   | Hunold      |
| Alexander  | Hunold    | Bruce       | Ernst       |
| Alexander  | Hunold    | David       | Austin      |
| Alexander  | Hunold    | Valli       | Pataballa   |
| Alexander  | Hunold    | Diana       | Lorentz     |
| Neena      | Kochhar   | Nancy       | Greenberg   |
| Nancy      | Greenberg | Daniel      | Faviet      |
| Nancy      | Greenberg | John        | Chen        |
| Nancy      | Greenberg | Ismael      | Sciarra     |
| Nancy      | Greenberg | Jose Manuel | Urman       |
| Nancy      | Greenberg | Luis        | Popp        |
| Steven     | King      | Den         | Raphaely    |
| Den        | Raphaely  | Alexander   | Khoo        |
| Den        | Raphaely  | Shelli      | Baida       |
| Den        | Raphaely  | Sigal       | Tobias      |
| Den        | Raphaely  | Guy         | Himuro      |
| Den        | Raphaely  | Karen       | Colmenares  |
| Steven     | King      | Matthew     | Weiss       |
| Steven     | King      | Adam        | Fripp       |
| Steven     | King      | Payam       | Kaufling    |
| Steven     | King      | Shanta      | Vollman     |
| Steven     | King      | Kevin       | Mourgos     |
| Matthew    | Weiss     | Julia       | Nayer       |
| Matthew    | Weiss     | Irene       | Mikkilineni |
| Matthew    | Weiss     | James       | Landry      |
| Matthew    | Weiss     | Steven      | Markle      |
| Adam       | Fripp     | Laura       | Bissot      |
| Adam       | Fripp     | Mozhe       | Atkinson    |
| Adam       | Fripp     | James       | Marlow      |
| Adam       | Fripp     | TJ          | Olson       |
| Payam      | Kaufling  | Jason       | Mallin      |
| Payam      | Kaufling  | Michael     | Rogers      |
| Payam      | Kaufling  | Ki          | Gee         |
| Payam      | Kaufling  | Hazel       | Philtanker  |
| Shanta     | Vollman   | Renske      | Ladwig      |
| Shanta     | Vollman   | Stephen     | Stiles      |
| Shanta     | Vollman   | John        | Seo         |
| Shanta     | Vollman   | Joshua      | Patel       |
| Kevin      | Mourgos   | Trenna      | Rajs        |
| Kevin      | Mourgos   | Curtis      | Davies      |
| Kevin      | Mourgos   | Randall     | Matos       |
| Kevin      | Mourgos   | Peter       | Vargas      |
| Steven     | King      | John        | Russell     |
| Steven     | King      | Karen       | Partners    |
| Steven     | King      | Alberto     | Errazuriz   |
| Steven     | King      | Gerald      | Cambrault   |
| Steven     | King      | Eleni       | Zlotkey     |
| John       | Russell   | Peter       | Tucker      |
| John       | Russell   | David       | Bernstein   |
| John       | Russell   | Peter       | Hall        |
| John       | Russell   | Christopher | Olsen       |
| John       | Russell   | Nanette     | Cambrault   |
| John       | Russell   | Oliver      | Tuvault     |
| Karen      | Partners  | Janette     | King        |
| Karen      | Partners  | Patrick     | Sully       |
| Karen      | Partners  | Allan       | McEwen      |
| Karen      | Partners  | Lindsey     | Smith       |
| Karen      | Partners  | Louise      | Doran       |
| Karen      | Partners  | Sarath      | Sewall      |
| Alberto    | Errazuriz | Clara       | Vishney     |
| Alberto    | Errazuriz | Danielle    | Greene      |
| Alberto    | Errazuriz | Mattea      | Marvins     |
| Alberto    | Errazuriz | David       | Lee         |
| Alberto    | Errazuriz | Sundar      | Ande        |
| Alberto    | Errazuriz | Amit        | Banda       |
| Gerald     | Cambrault | Lisa        | Ozer        |
| Gerald     | Cambrault | Harrison    | Bloom       |
| Gerald     | Cambrault | Tayler      | Fox         |
| Gerald     | Cambrault | William     | Smith       |
| Gerald     | Cambrault | Elizabeth   | Bates       |
| Gerald     | Cambrault | Sundita     | Kumar       |
| Eleni      | Zlotkey   | Ellen       | Abel        |
| Eleni      | Zlotkey   | Alyssa      | Hutton      |
| Eleni      | Zlotkey   | Jonathon    | Taylor      |
| Eleni      | Zlotkey   | Jack        | Livingston  |
| Eleni      | Zlotkey   | Kimberely   | Grant       |
| Eleni      | Zlotkey   | Charles     | Johnson     |
| Matthew    | Weiss     | Winston     | Taylor      |
| Matthew    | Weiss     | Jean        | Fleaur      |
| Matthew    | Weiss     | Martha      | Sullivan    |
| Matthew    | Weiss     | Girard      | Geoni       |
| Adam       | Fripp     | Nandita     | Sarchand    |
| Adam       | Fripp     | Alexis      | Bull        |
| Adam       | Fripp     | Julia       | Dellinger   |
| Adam       | Fripp     | Anthony     | Cabrio      |
| Payam      | Kaufling  | Kelly       | Chung       |
| Payam      | Kaufling  | Jennifer    | Dilly       |
| Payam      | Kaufling  | Timothy     | Gates       |
| Payam      | Kaufling  | Randall     | Perkins     |
| Shanta     | Vollman   | Sarah       | Bell        |
| Shanta     | Vollman   | Britney     | Everett     |
| Shanta     | Vollman   | Samuel      | McCain      |
| Shanta     | Vollman   | Vance       | Jones       |
| Kevin      | Mourgos   | Alana       | Walsh       |
| Kevin      | Mourgos   | Kevin       | Feeney      |
| Kevin      | Mourgos   | Donald      | OConnell    |
| Kevin      | Mourgos   | Douglas     | Grant       |
| Neena      | Kochhar   | Jennifer    | Whalen      |
| Steven     | King      | Michael     | Hartstein   |
| Michael    | Hartstein | Pat         | Fay         |
| Neena      | Kochhar   | Susan       | Mavris      |
| Neena      | Kochhar   | Hermann     | Baer        |
| Neena      | Kochhar   | Shelley     | Higgins     |
| Shelley    | Higgins   | William     | Gietz       |
+------------+-----------+-------------+-------------+
107 rows in set (0.0008 sec)
 MySQL  localhost:3306 ssl  comp2  SQL > select a.first_name, a.last_name, c.first_name, c.last_name from employees a left join employees b on a.employee_id = b.employee_id left join employees c on b.employee_id = c.manager_id where c.first_name is not null;
+------------+-----------+-------------+-------------+
| first_name | last_name | first_name  | last_name   |
+------------+-----------+-------------+-------------+
| Steven     | King      | Neena       | Kochhar     |
| Steven     | King      | Lex         | De Haan     |
| Lex        | De Haan   | Alexander   | Hunold      |
| Alexander  | Hunold    | Bruce       | Ernst       |
| Alexander  | Hunold    | David       | Austin      |
| Alexander  | Hunold    | Valli       | Pataballa   |
| Alexander  | Hunold    | Diana       | Lorentz     |
| Neena      | Kochhar   | Nancy       | Greenberg   |
| Nancy      | Greenberg | Daniel      | Faviet      |
| Nancy      | Greenberg | John        | Chen        |
| Nancy      | Greenberg | Ismael      | Sciarra     |
| Nancy      | Greenberg | Jose Manuel | Urman       |
| Nancy      | Greenberg | Luis        | Popp        |
| Steven     | King      | Den         | Raphaely    |
| Den        | Raphaely  | Alexander   | Khoo        |
| Den        | Raphaely  | Shelli      | Baida       |
| Den        | Raphaely  | Sigal       | Tobias      |
| Den        | Raphaely  | Guy         | Himuro      |
| Den        | Raphaely  | Karen       | Colmenares  |
| Steven     | King      | Matthew     | Weiss       |
| Steven     | King      | Adam        | Fripp       |
| Steven     | King      | Payam       | Kaufling    |
| Steven     | King      | Shanta      | Vollman     |
| Steven     | King      | Kevin       | Mourgos     |
| Matthew    | Weiss     | Julia       | Nayer       |
| Matthew    | Weiss     | Irene       | Mikkilineni |
| Matthew    | Weiss     | James       | Landry      |
| Matthew    | Weiss     | Steven      | Markle      |
| Adam       | Fripp     | Laura       | Bissot      |
| Adam       | Fripp     | Mozhe       | Atkinson    |
| Adam       | Fripp     | James       | Marlow      |
| Adam       | Fripp     | TJ          | Olson       |
| Payam      | Kaufling  | Jason       | Mallin      |
| Payam      | Kaufling  | Michael     | Rogers      |
| Payam      | Kaufling  | Ki          | Gee         |
| Payam      | Kaufling  | Hazel       | Philtanker  |
| Shanta     | Vollman   | Renske      | Ladwig      |
| Shanta     | Vollman   | Stephen     | Stiles      |
| Shanta     | Vollman   | John        | Seo         |
| Shanta     | Vollman   | Joshua      | Patel       |
| Kevin      | Mourgos   | Trenna      | Rajs        |
| Kevin      | Mourgos   | Curtis      | Davies      |
| Kevin      | Mourgos   | Randall     | Matos       |
| Kevin      | Mourgos   | Peter       | Vargas      |
| Steven     | King      | John        | Russell     |
| Steven     | King      | Karen       | Partners    |
| Steven     | King      | Alberto     | Errazuriz   |
| Steven     | King      | Gerald      | Cambrault   |
| Steven     | King      | Eleni       | Zlotkey     |
| John       | Russell   | Peter       | Tucker      |
| John       | Russell   | David       | Bernstein   |
| John       | Russell   | Peter       | Hall        |
| John       | Russell   | Christopher | Olsen       |
| John       | Russell   | Nanette     | Cambrault   |
| John       | Russell   | Oliver      | Tuvault     |
| Karen      | Partners  | Janette     | King        |
| Karen      | Partners  | Patrick     | Sully       |
| Karen      | Partners  | Allan       | McEwen      |
| Karen      | Partners  | Lindsey     | Smith       |
| Karen      | Partners  | Louise      | Doran       |
| Karen      | Partners  | Sarath      | Sewall      |
| Alberto    | Errazuriz | Clara       | Vishney     |
| Alberto    | Errazuriz | Danielle    | Greene      |
| Alberto    | Errazuriz | Mattea      | Marvins     |
| Alberto    | Errazuriz | David       | Lee         |
| Alberto    | Errazuriz | Sundar      | Ande        |
| Alberto    | Errazuriz | Amit        | Banda       |
| Gerald     | Cambrault | Lisa        | Ozer        |
| Gerald     | Cambrault | Harrison    | Bloom       |
| Gerald     | Cambrault | Tayler      | Fox         |
| Gerald     | Cambrault | William     | Smith       |
| Gerald     | Cambrault | Elizabeth   | Bates       |
| Gerald     | Cambrault | Sundita     | Kumar       |
| Eleni      | Zlotkey   | Ellen       | Abel        |
| Eleni      | Zlotkey   | Alyssa      | Hutton      |
| Eleni      | Zlotkey   | Jonathon    | Taylor      |
| Eleni      | Zlotkey   | Jack        | Livingston  |
| Eleni      | Zlotkey   | Kimberely   | Grant       |
| Eleni      | Zlotkey   | Charles     | Johnson     |
| Matthew    | Weiss     | Winston     | Taylor      |
| Matthew    | Weiss     | Jean        | Fleaur      |
| Matthew    | Weiss     | Martha      | Sullivan    |
| Matthew    | Weiss     | Girard      | Geoni       |
| Adam       | Fripp     | Nandita     | Sarchand    |
| Adam       | Fripp     | Alexis      | Bull        |
| Adam       | Fripp     | Julia       | Dellinger   |
| Adam       | Fripp     | Anthony     | Cabrio      |
| Payam      | Kaufling  | Kelly       | Chung       |
| Payam      | Kaufling  | Jennifer    | Dilly       |
| Payam      | Kaufling  | Timothy     | Gates       |
| Payam      | Kaufling  | Randall     | Perkins     |
| Shanta     | Vollman   | Sarah       | Bell        |
| Shanta     | Vollman   | Britney     | Everett     |
| Shanta     | Vollman   | Samuel      | McCain      |
| Shanta     | Vollman   | Vance       | Jones       |
| Kevin      | Mourgos   | Alana       | Walsh       |
| Kevin      | Mourgos   | Kevin       | Feeney      |
| Kevin      | Mourgos   | Donald      | OConnell    |
| Kevin      | Mourgos   | Douglas     | Grant       |
| Neena      | Kochhar   | Jennifer    | Whalen      |
| Steven     | King      | Michael     | Hartstein   |
| Michael    | Hartstein | Pat         | Fay         |
| Neena      | Kochhar   | Susan       | Mavris      |
| Neena      | Kochhar   | Hermann     | Baer        |
| Neena      | Kochhar   | Shelley     | Higgins     |
| Shelley    | Higgins   | William     | Gietz       |
+------------+-----------+-------------+-------------+
106 rows in set (0.0008 sec)
 MySQL  localhost:3306 ssl  comp2  SQL > select a.first_name, a.last_name, c.first_name, c.last_name from employees a left join employees b on a.employee_id = b.employee_id left join employees c on b.employee_id = c.manager_id where c.first_name is null;
+-------------+-------------+------------+-----------+
| first_name  | last_name   | first_name | last_name |
+-------------+-------------+------------+-----------+
| Ellen       | Abel        | NULL       | NULL      |
| Sundar      | Ande        | NULL       | NULL      |
| Mozhe       | Atkinson    | NULL       | NULL      |
| David       | Austin      | NULL       | NULL      |
| Hermann     | Baer        | NULL       | NULL      |
| Shelli      | Baida       | NULL       | NULL      |
| Amit        | Banda       | NULL       | NULL      |
| Elizabeth   | Bates       | NULL       | NULL      |
| Sarah       | Bell        | NULL       | NULL      |
| David       | Bernstein   | NULL       | NULL      |
| Laura       | Bissot      | NULL       | NULL      |
| Harrison    | Bloom       | NULL       | NULL      |
| Alexis      | Bull        | NULL       | NULL      |
| Anthony     | Cabrio      | NULL       | NULL      |
| Nanette     | Cambrault   | NULL       | NULL      |
| John        | Chen        | NULL       | NULL      |
| Kelly       | Chung       | NULL       | NULL      |
| Karen       | Colmenares  | NULL       | NULL      |
| Curtis      | Davies      | NULL       | NULL      |
| Julia       | Dellinger   | NULL       | NULL      |
| Jennifer    | Dilly       | NULL       | NULL      |
| Louise      | Doran       | NULL       | NULL      |
| Bruce       | Ernst       | NULL       | NULL      |
| Britney     | Everett     | NULL       | NULL      |
| Daniel      | Faviet      | NULL       | NULL      |
| Pat         | Fay         | NULL       | NULL      |
| Kevin       | Feeney      | NULL       | NULL      |
| Jean        | Fleaur      | NULL       | NULL      |
| Tayler      | Fox         | NULL       | NULL      |
| Timothy     | Gates       | NULL       | NULL      |
| Ki          | Gee         | NULL       | NULL      |
| Girard      | Geoni       | NULL       | NULL      |
| William     | Gietz       | NULL       | NULL      |
| Douglas     | Grant       | NULL       | NULL      |
| Kimberely   | Grant       | NULL       | NULL      |
| Danielle    | Greene      | NULL       | NULL      |
| Peter       | Hall        | NULL       | NULL      |
| Guy         | Himuro      | NULL       | NULL      |
| Alyssa      | Hutton      | NULL       | NULL      |
| Charles     | Johnson     | NULL       | NULL      |
| Vance       | Jones       | NULL       | NULL      |
| Alexander   | Khoo        | NULL       | NULL      |
| Janette     | King        | NULL       | NULL      |
| Sundita     | Kumar       | NULL       | NULL      |
| Renske      | Ladwig      | NULL       | NULL      |
| James       | Landry      | NULL       | NULL      |
| David       | Lee         | NULL       | NULL      |
| Jack        | Livingston  | NULL       | NULL      |
| Diana       | Lorentz     | NULL       | NULL      |
| Jason       | Mallin      | NULL       | NULL      |
| Steven      | Markle      | NULL       | NULL      |
| James       | Marlow      | NULL       | NULL      |
| Mattea      | Marvins     | NULL       | NULL      |
| Randall     | Matos       | NULL       | NULL      |
| Susan       | Mavris      | NULL       | NULL      |
| Samuel      | McCain      | NULL       | NULL      |
| Allan       | McEwen      | NULL       | NULL      |
| Irene       | Mikkilineni | NULL       | NULL      |
| Julia       | Nayer       | NULL       | NULL      |
| Donald      | OConnell    | NULL       | NULL      |
| Christopher | Olsen       | NULL       | NULL      |
| TJ          | Olson       | NULL       | NULL      |
| Lisa        | Ozer        | NULL       | NULL      |
| Valli       | Pataballa   | NULL       | NULL      |
| Joshua      | Patel       | NULL       | NULL      |
| Randall     | Perkins     | NULL       | NULL      |
| Hazel       | Philtanker  | NULL       | NULL      |
| Luis        | Popp        | NULL       | NULL      |
| Trenna      | Rajs        | NULL       | NULL      |
| Michael     | Rogers      | NULL       | NULL      |
| Nandita     | Sarchand    | NULL       | NULL      |
| Ismael      | Sciarra     | NULL       | NULL      |
| John        | Seo         | NULL       | NULL      |
| Sarath      | Sewall      | NULL       | NULL      |
| Lindsey     | Smith       | NULL       | NULL      |
| William     | Smith       | NULL       | NULL      |
| Stephen     | Stiles      | NULL       | NULL      |
| Martha      | Sullivan    | NULL       | NULL      |
| Patrick     | Sully       | NULL       | NULL      |
| Jonathon    | Taylor      | NULL       | NULL      |
| Winston     | Taylor      | NULL       | NULL      |
| Sigal       | Tobias      | NULL       | NULL      |
| Peter       | Tucker      | NULL       | NULL      |
| Oliver      | Tuvault     | NULL       | NULL      |
| Jose Manuel | Urman       | NULL       | NULL      |
| Peter       | Vargas      | NULL       | NULL      |
| Clara       | Vishney     | NULL       | NULL      |
| Alana       | Walsh       | NULL       | NULL      |
| Jennifer    | Whalen      | NULL       | NULL      |
+-------------+-------------+------------+-----------+
89 rows in set (0.0140 sec)