Microsoft Windows [Versión 10.0.19045.2604]
(c) Microsoft Corporation. Todos los derechos reservados.

C:\Users\Jesus Arellano>"C:\Program Files\MySQL\MySQL Shell 8.0\bin\mysqlsh.exe"
MySQL Shell 8.0.32

Copyright (c) 2016, 2023, Oracle and/or its affiliates.
Oracle is a registered trademark of Oracle Corporation and/or its affiliates.
Other names may be trademarks of their respective owners.

Type '\help' or '\?' for help; '\quit' to exit.
 MySQL  JS > \sql
Switching to SQL mode... Commands end with ;
 MySQL  SQL > \connect
\connect [--mx|--mysqlx|--mc|--mysql] [--ssh <sshuri>] <URI>
 MySQL  SQL > \connect --mc usuario root@localhost
Creating a Classic session to 'root@localhost'
Please provide the password for 'root@localhost': ****
Save password for 'root@localhost'? [Y]es/[N]o/Ne[v]er (default No): n
Fetching global names for auto-completion... Press ^C to stop.
Your MySQL connection id is 8
Server version: 8.0.32 MySQL Community Server - GPL
No default schema selected; type \use <schema> to set one.
 MySQL  localhost:3306 ssl  SQL > show databases<
                               -> ;
ERROR: 1064 (42000): You have an error in your SQL syntax; check the manual that corresponds to your MySQL server version for the right syntax to use near '<' at line 1
 MySQL  localhost:3306 ssl  SQL > show databases;
+--------------------+
| Database           |
+--------------------+
| agencia            |
| eva_2              |
| evaluacion_1       |
| human_resources    |
| information_schema |
| mysql              |
| performance_schema |
| sakila             |
| sys                |
| world              |
+--------------------+
10 rows in set (0.0014 sec)
 MySQL  localhost:3306 ssl  SQL > use eva_2;
Default schema set to `eva_2`.
Fetching global names, object names from `eva_2` for auto-completion... Press ^C to stop.
 MySQL  localhost:3306 ssl  eva_2  SQL > show tables;
+-----------------+
| Tables_in_eva_2 |
+-----------------+
| detallefactura  |
| factura         |
+-----------------+
2 rows in set (0.0078 sec)
 MySQL  localhost:3306 ssl  eva_2  SQL > desc factura;
+------------+------+------+-----+---------+----------------+
| Field      | Type | Null | Key | Default | Extra          |
+------------+------+------+-----+---------+----------------+
| id         | int  | NO   | PRI | NULL    | auto_increment |
| id_cliente | int  | NO   |     | NULL    |                |
+------------+------+------+-----+---------+----------------+
2 rows in set (0.0124 sec)
 MySQL  localhost:3306 ssl  eva_2  SQL > show create table factura;
+---------+----------------------------------------------------------------------------------------------------------------------------------------------------------------------------------------------------+
| Table   | Create Table                                                                                                                                                                                       |
+---------+----------------------------------------------------------------------------------------------------------------------------------------------------------------------------------------------------+
| factura | CREATE TABLE `factura` (
  `id` int NOT NULL AUTO_INCREMENT,
  `id_cliente` int NOT NULL,
  PRIMARY KEY (`id`)
) ENGINE=InnoDB AUTO_INCREMENT=9 DEFAULT CHARSET=utf8mb4 COLLATE=utf8mb4_0900_ai_ci |
+---------+----------------------------------------------------------------------------------------------------------------------------------------------------------------------------------------------------+
1 row in set (0.0112 sec)
 MySQL  localhost:3306 ssl  eva_2  SQL > show create table detallefactura;
+----------------+----------------------------------------------------------------------------------------------------------------------------------------------------------------------------------------------------------------------------------------------------------------------------------------------------------------------------------------------------------------------------------------------------------------------+
| Table          | Create Table                                                                                                                                                                                                                                                                                                                                                                                                         |
+----------------+----------------------------------------------------------------------------------------------------------------------------------------------------------------------------------------------------------------------------------------------------------------------------------------------------------------------------------------------------------------------------------------------------------------------+
| detallefactura | CREATE TABLE `detallefactura` (
  `id` int NOT NULL AUTO_INCREMENT,
  `id_factura` int DEFAULT NULL,
  `id_producto` int DEFAULT NULL,
  PRIMARY KEY (`id`),
  KEY `id_factura` (`id_factura`),
  CONSTRAINT `detallefactura_ibfk_1` FOREIGN KEY (`id_factura`) REFERENCES `factura` (`id`) ON DELETE RESTRICT ON UPDATE CASCADE
) ENGINE=InnoDB AUTO_INCREMENT=7 DEFAULT CHARSET=utf8mb4 COLLATE=utf8mb4_0900_ai_ci |
+----------------+----------------------------------------------------------------------------------------------------------------------------------------------------------------------------------------------------------------------------------------------------------------------------------------------------------------------------------------------------------------------------------------------------------------------+
1 row in set (0.0011 sec)
 MySQL  localhost:3306 ssl  eva_2  SQL > create table maestro(
                                      -> id int auto_increment key,
                                      -> dato varchar(20);
ERROR: 1064 (42000): You have an error in your SQL syntax; check the manual that corresponds to your MySQL server version for the right syntax to use near '' at line 3
 MySQL  localhost:3306 ssl  eva_2  SQL > create table maestro( id int auto_increment key, dato varchar(20));
Query OK, 0 rows affected (0.0262 sec)
 MySQL  localhost:3306 ssl  eva_2  SQL > create table detalle(id int, id_maestro int, dato varchar(20), foreign key(id_maestro) references maestro(id) on delete set null on update no action);
Query OK, 0 rows affected (0.0313 sec)
 MySQL  localhost:3306 ssl  eva_2  SQL > show tables;
+-----------------+
| Tables_in_eva_2 |
+-----------------+
| detalle         |
| detallefactura  |
| factura         |
| maestro         |
+-----------------+
4 rows in set (0.0012 sec)
 MySQL  localhost:3306 ssl  eva_2  SQL > desc detalle;
+------------+-------------+------+-----+---------+-------+
| Field      | Type        | Null | Key | Default | Extra |
+------------+-------------+------+-----+---------+-------+
| id         | int         | YES  |     | NULL    |       |
| id_maestro | int         | YES  | MUL | NULL    |       |
| dato       | varchar(20) | YES  |     | NULL    |       |
+------------+-------------+------+-----+---------+-------+
3 rows in set (0.0018 sec)
 MySQL  localhost:3306 ssl  eva_2  SQL > show create table maestro;
+---------+-----------------------------------------------------------------------------------------------------------------------------------------------------------------------------------------+
| Table   | Create Table                                                                                                                                                                            |
+---------+-----------------------------------------------------------------------------------------------------------------------------------------------------------------------------------------+
| maestro | CREATE TABLE `maestro` (
  `id` int NOT NULL AUTO_INCREMENT,
  `dato` varchar(20) DEFAULT NULL,
  PRIMARY KEY (`id`)
) ENGINE=InnoDB DEFAULT CHARSET=utf8mb4 COLLATE=utf8mb4_0900_ai_ci |
+---------+-----------------------------------------------------------------------------------------------------------------------------------------------------------------------------------------+
1 row in set (0.0014 sec)
 MySQL  localhost:3306 ssl  eva_2  SQL > drop table detalle;
Query OK, 0 rows affected (0.0102 sec)
 MySQL  localhost:3306 ssl  eva_2  SQL > create table detalle(id int auto_incremenet key, id_maestro int, dato varchar(20), foreign key(id_maestro) references maestro(id) on delete set null on update no action);
ERROR: 1064 (42000): You have an error in your SQL syntax; check the manual that corresponds to your MySQL server version for the right syntax to use near 'auto_incremenet key, id_maestro int, dato varchar(20), foreign key(id_maestro) r' at line 1
 MySQL  localhost:3306 ssl  eva_2  SQL > create table detalle(id int auto_increment key, id_maestro int, dato varchar(20), foreign key(id_maestro) references maestro(id) on delete set null on update no action);
Query OK, 0 rows affected (0.0362 sec)
 MySQL  localhost:3306 ssl  eva_2  SQL > show create table detalle;
+---------+----------------------------------------------------------------------------------------------------------------------------------------------------------------------------------------------------------------------------------------------------------------------------------------------------------------------------------------------------------------------+
| Table   | Create Table                                                                                                                                                                                                                                                                                                                                                         |
+---------+----------------------------------------------------------------------------------------------------------------------------------------------------------------------------------------------------------------------------------------------------------------------------------------------------------------------------------------------------------------------+
| detalle | CREATE TABLE `detalle` (
  `id` int NOT NULL AUTO_INCREMENT,
  `id_maestro` int DEFAULT NULL,
  `dato` varchar(20) DEFAULT NULL,
  PRIMARY KEY (`id`),
  KEY `id_maestro` (`id_maestro`),
  CONSTRAINT `detalle_ibfk_1` FOREIGN KEY (`id_maestro`) REFERENCES `maestro` (`id`) ON DELETE SET NULL
) ENGINE=InnoDB DEFAULT CHARSET=utf8mb4 COLLATE=utf8mb4_0900_ai_ci |
+---------+----------------------------------------------------------------------------------------------------------------------------------------------------------------------------------------------------------------------------------------------------------------------------------------------------------------------------------------------------------------------+
1 row in set (0.0014 sec)
 MySQL  localhost:3306 ssl  eva_2  SQL > desc maestro;
+-------+-------------+------+-----+---------+----------------+
| Field | Type        | Null | Key | Default | Extra          |
+-------+-------------+------+-----+---------+----------------+
| id    | int         | NO   | PRI | NULL    | auto_increment |
| dato  | varchar(20) | YES  |     | NULL    |                |
+-------+-------------+------+-----+---------+----------------+
2 rows in set (0.0018 sec)
 MySQL  localhost:3306 ssl  eva_2  SQL > drop tables maestro;
ERROR: 3730 (HY000): Cannot drop table 'maestro' referenced by a foreign key constraint 'detalle_ibfk_1' on table 'detalle'.
 MySQL  localhost:3306 ssl  eva_2  SQL > drop tables maestro;
ERROR: 3730 (HY000): Cannot drop table 'maestro' referenced by a foreign key constraint 'detalle_ibfk_1' on table 'detalle'.
 MySQL  localhost:3306 ssl  eva_2  SQL > insert into maestro (dato) values ('ALGO');
Query OK, 1 row affected (0.0126 sec)
 MySQL  localhost:3306 ssl  eva_2  SQL > insert into maestro (dato) values ('ALGO2');
Query OK, 1 row affected (0.0066 sec)
 MySQL  localhost:3306 ssl  eva_2  SQL > insert into maestro (dato) values ('ALGO3');
Query OK, 1 row affected (0.0025 sec)
 MySQL  localhost:3306 ssl  eva_2  SQL > insert into maestro (dato) values ('ALGO4');
Query OK, 1 row affected (0.0022 sec)
 MySQL  localhost:3306 ssl  eva_2  SQL > select * from maestro;
+----+-------+
| id | dato  |
+----+-------+
|  1 | ALGO  |
|  2 | ALGO2 |
|  3 | ALGO3 |
|  4 | ALGO4 |
+----+-------+
4 rows in set (0.0004 sec)
 MySQL  localhost:3306 ssl  eva_2  SQL > insert into detalle (id_mestro, dato) values (1, 'ALGO');
ERROR: 1054 (42S22): Unknown column 'id_mestro' in 'field list'
 MySQL  localhost:3306 ssl  eva_2  SQL > desc detalle;
+------------+-------------+------+-----+---------+----------------+
| Field      | Type        | Null | Key | Default | Extra          |
+------------+-------------+------+-----+---------+----------------+
| id         | int         | NO   | PRI | NULL    | auto_increment |
| id_maestro | int         | YES  | MUL | NULL    |                |
| dato       | varchar(20) | YES  |     | NULL    |                |
+------------+-------------+------+-----+---------+----------------+
3 rows in set (0.0014 sec)
 MySQL  localhost:3306 ssl  eva_2  SQL > insert into detalle (id_maestro, dato) values (1, 'ALGO');
Query OK, 1 row affected (0.0101 sec)
 MySQL  localhost:3306 ssl  eva_2  SQL > insert into detalle (id_maestro, dato) values (1, 'ALGO2');
Query OK, 1 row affected (0.0071 sec)
 MySQL  localhost:3306 ssl  eva_2  SQL > insert into detalle (id_maestro, dato) values (1, 'ALGO3');
Query OK, 1 row affected (0.0079 sec)
 MySQL  localhost:3306 ssl  eva_2  SQL > insert into detalle (id_maestro, dato) values (1, 'ALGO4');
Query OK, 1 row affected (0.0071 sec)
 MySQL  localhost:3306 ssl  eva_2  SQL > select * from detalle;
+----+------------+-------+
| id | id_maestro | dato  |
+----+------------+-------+
|  1 |          1 | ALGO  |
|  2 |          1 | ALGO2 |
|  3 |          1 | ALGO3 |
|  4 |          1 | ALGO4 |
+----+------------+-------+
4 rows in set (0.0004 sec)
 MySQL  localhost:3306 ssl  eva_2  SQL > insert into detalle (id_maestro, dato) values (2, 'ALGO5');
Query OK, 1 row affected (0.0097 sec)
 MySQL  localhost:3306 ssl  eva_2  SQL > select * from detalle;
+----+------------+-------+
| id | id_maestro | dato  |
+----+------------+-------+
|  1 |          1 | ALGO  |
|  2 |          1 | ALGO2 |
|  3 |          1 | ALGO3 |
|  4 |          1 | ALGO4 |
|  5 |          2 | ALGO5 |
+----+------------+-------+
5 rows in set (0.0004 sec)
 MySQL  localhost:3306 ssl  eva_2  SQL > detalle from maestro where id = 1;
ERROR: 1064 (42000): You have an error in your SQL syntax; check the manual that corresponds to your MySQL server version for the right syntax to use near 'detalle from maestro where id = 1' at line 1
 MySQL  localhost:3306 ssl  eva_2  SQL > detalle from detalle where id = 1;
ERROR: 1064 (42000): You have an error in your SQL syntax; check the manual that corresponds to your MySQL server version for the right syntax to use near 'detalle from detalle where id = 1' at line 1
 MySQL  localhost:3306 ssl  eva_2  SQL > delete from maestro where id = 1;
Query OK, 1 row affected (0.0085 sec)
 MySQL  localhost:3306 ssl  eva_2  SQL > select * from maestro;
+----+-------+
| id | dato  |
+----+-------+
|  2 | ALGO2 |
|  3 | ALGO3 |
|  4 | ALGO4 |
+----+-------+
3 rows in set (0.0004 sec)
 MySQL  localhost:3306 ssl  eva_2  SQL > select * from detalle;
+----+------------+-------+
| id | id_maestro | dato  |
+----+------------+-------+
|  1 |       NULL | ALGO  |
|  2 |       NULL | ALGO2 |
|  3 |       NULL | ALGO3 |
|  4 |       NULL | ALGO4 |
|  5 |          2 | ALGO5 |
+----+------------+-------+
5 rows in set (0.0004 sec)
 MySQL  localhost:3306 ssl  eva_2  SQL > update maestro set id = 1 where id = 2;
ERROR: 1451 (23000): Cannot delete or update a parent row: a foreign key constraint fails (`eva_2`.`detalle`, CONSTRAINT `detalle_ibfk_1` FOREIGN KEY (`id_maestro`) REFERENCES `maestro` (`id`) ON DELETE SET NULL)
 MySQL  localhost:3306 ssl  eva_2  SQL > create table contacts(
                                      -> contact_id int auto_increment key,
                                      -> name varchar(20),
                                      -> company varchar(20),
                                      -> address int,
                                      -> zipcode int);
Query OK, 0 rows affected (0.0163 sec)
 MySQL  localhost:3306 ssl  eva_2  SQL > create table phones(
                                      -> phone_id int,
                                      -> contact_id int,
                                      -> phone int);
Query OK, 0 rows affected (0.0183 sec)
 MySQL  localhost:3306 ssl  eva_2  SQL > drop table phones;
Query OK, 0 rows affected (0.0176 sec)
 MySQL  localhost:3306 ssl  eva_2  SQL > create table phones(phone_id int, contact_id int, phone int);
Query OK, 0 rows affected (0.0168 sec)
 MySQL  localhost:3306 ssl  eva_2  SQL > drop table phones;
Query OK, 0 rows affected (0.0075 sec)
 MySQL  localhost:3306 ssl  eva_2  SQL > create table phones(phone_id int, contact_id int, phone int, foreign key(contact_id) references contacts(contact_id) on delete cascade on update cascade);
Query OK, 0 rows affected (0.0329 sec)
 MySQL  localhost:3306 ssl  eva_2  SQL > show create table contacts;
+----------+------------------------------------------------------------------------------------------------------------------------------------------------------------------------------------------------------------------------------------------------------------------------------------------------------------+
| Table    | Create Table                                                                                                                                                                                                                                                                                               |
+----------+------------------------------------------------------------------------------------------------------------------------------------------------------------------------------------------------------------------------------------------------------------------------------------------------------------+
| contacts | CREATE TABLE `contacts` (
  `contact_id` int NOT NULL AUTO_INCREMENT,
  `name` varchar(20) DEFAULT NULL,
  `company` varchar(20) DEFAULT NULL,
  `address` int DEFAULT NULL,
  `zipcode` int DEFAULT NULL,
  PRIMARY KEY (`contact_id`)
) ENGINE=InnoDB DEFAULT CHARSET=utf8mb4 COLLATE=utf8mb4_0900_ai_ci |
+----------+------------------------------------------------------------------------------------------------------------------------------------------------------------------------------------------------------------------------------------------------------------------------------------------------------------+
1 row in set (0.0015 sec)
 MySQL  localhost:3306 ssl  eva_2  SQL > show create table phones;
+--------+------------------------------------------------------------------------------------------------------------------------------------------------------------------------------------------------------------------------------------------------------------------------------------------------------------------------------------------------------------+
| Table  | Create Table                                                                                                                                                                                                                                                                                                                                               |
+--------+------------------------------------------------------------------------------------------------------------------------------------------------------------------------------------------------------------------------------------------------------------------------------------------------------------------------------------------------------------+
| phones | CREATE TABLE `phones` (
  `phone_id` int DEFAULT NULL,
  `contact_id` int DEFAULT NULL,
  `phone` int DEFAULT NULL,
  KEY `contact_id` (`contact_id`),
  CONSTRAINT `phones_ibfk_1` FOREIGN KEY (`contact_id`) REFERENCES `contacts` (`contact_id`) ON DELETE CASCADE ON UPDATE CASCADE
) ENGINE=InnoDB DEFAULT CHARSET=utf8mb4 COLLATE=utf8mb4_0900_ai_ci |
+--------+------------------------------------------------------------------------------------------------------------------------------------------------------------------------------------------------------------------------------------------------------------------------------------------------------------------------------------------------------------+
1 row in set (0.0015 sec)
 MySQL  localhost:3306 ssl  eva_2  SQL > insert into contact (name, company, address, zipcode) values ('joe', 'ABC', 123, 12345);
ERROR: 1146 (42S02): Table 'eva_2.contact' doesn't exist
 MySQL  localhost:3306 ssl  eva_2  SQL > insert into contactS (name, company, address, zipcode) values ('joe', 'ABC', 123, 12345);
Query OK, 1 row affected (0.0076 sec)
 MySQL  localhost:3306 ssl  eva_2  SQL > insert into contact (name, company, address, zipcode) values ('joe', 'ABC', 123, 12345);
ERROR: 1146 (42S02): Table 'eva_2.contact' doesn't exist
 MySQL  localhost:3306 ssl  eva_2  SQL > drop table phones;
Query OK, 0 rows affected (0.0160 sec)
 MySQL  localhost:3306 ssl  eva_2  SQL > create table phones(phone_id int auto_increment key, contact_id int, phone varchar(20), foreign key(contact_id) references contacts(contact_id) on delete cascade on update cascade);
Query OK, 0 rows affected (0.0292 sec)
 MySQL  localhost:3306 ssl  eva_2  SQL > show create table phones;
+--------+-----------------------------------------------------------------------------------------------------------------------------------------------------------------------------------------------------------------------------------------------------------------------------------------------------------------------------------------------------------------------------------------------------------+
| Table  | Create Table                                                                                                                                                                                                                                                                                                                                                                                              |
+--------+-----------------------------------------------------------------------------------------------------------------------------------------------------------------------------------------------------------------------------------------------------------------------------------------------------------------------------------------------------------------------------------------------------------+
| phones | CREATE TABLE `phones` (
  `phone_id` int NOT NULL AUTO_INCREMENT,
  `contact_id` int DEFAULT NULL,
  `phone` varchar(20) DEFAULT NULL,
  PRIMARY KEY (`phone_id`),
  KEY `contact_id` (`contact_id`),
  CONSTRAINT `phones_ibfk_1` FOREIGN KEY (`contact_id`) REFERENCES `contacts` (`contact_id`) ON DELETE CASCADE ON UPDATE CASCADE
) ENGINE=InnoDB DEFAULT CHARSET=utf8mb4 COLLATE=utf8mb4_0900_ai_ci |
+--------+-----------------------------------------------------------------------------------------------------------------------------------------------------------------------------------------------------------------------------------------------------------------------------------------------------------------------------------------------------------------------------------------------------------+
1 row in set (0.0014 sec)
 MySQL  localhost:3306 ssl  eva_2  SQL > insert into contact (name, company, address, zipcode) values ('jane', 'XYZ', 123, 14435);
ERROR: 1146 (42S02): Table 'eva_2.contact' doesn't exist
 MySQL  localhost:3306 ssl  eva_2  SQL > insert into contact (name, company, address, zipcode) values ('jane', 'XYZ', 456, 14435);
ERROR: 1146 (42S02): Table 'eva_2.contact' doesn't exist
 MySQL  localhost:3306 ssl  eva_2  SQL > insert into contacts (name, company, address, zipcode) values ('jane', 'XYZ', 456, 14435);
Query OK, 1 row affected (0.0110 sec)
 MySQL  localhost:3306 ssl  eva_2  SQL > insert into contacts (name, company, address, zipcode) values ('luis', 'JHS', 087, 142292);
Query OK, 1 row affected (0.0071 sec)
 MySQL  localhost:3306 ssl  eva_2  SQL > select * from contacts;
+------------+------+---------+---------+---------+
| contact_id | name | company | address | zipcode |
+------------+------+---------+---------+---------+
|          1 | joe  | ABC     |     123 |   12345 |
|          2 | jane | XYZ     |     456 |   14435 |
|          3 | luis | JHS     |      87 |  142292 |
+------------+------+---------+---------+---------+
3 rows in set (0.0004 sec)